09:53:48 **** Build of configuration Debug for project UniversalSerialBros ****
make all 
Building file: ../startup/startup_stm32f446xx.s
Invoking: MCU GCC Assembler
/home/toby/Documents/softsys/UniversalSerialBros/UniversalSerialBros/UniversalSerialBros/Debug
arm-none-eabi-as -mcpu=cortex-m4 -mthumb -mfloat-abi=hard -mfpu=fpv4-sp-d16 -g -o "startup/startup_stm32f446xx.o" "../startup/startup_stm32f446xx.s"
Finished building: ../startup/startup_stm32f446xx.s
 
Building file: ../Src/main.c
Invoking: MCU GCC Compiler
/home/toby/Documents/softsys/UniversalSerialBros/UniversalSerialBros/UniversalSerialBros/Debug
arm-none-eabi-gcc -mcpu=cortex-m4 -mthumb -mfloat-abi=hard -mfpu=fpv4-sp-d16 '-D__weak=__attribute__((weak))' '-D__packed="__attribute__((__packed__))"' -DUSE_HAL_DRIVER -DSTM32F446xx -I"/home/toby/Documents/softsys/UniversalSerialBros/UniversalSerialBros/UniversalSerialBros/Inc" -I"/home/toby/Documents/softsys/UniversalSerialBros/UniversalSerialBros/UniversalSerialBros/Drivers/STM32F4xx_HAL_Driver/Inc" -I"/home/toby/Documents/softsys/UniversalSerialBros/UniversalSerialBros/UniversalSerialBros/Drivers/STM32F4xx_HAL_Driver/Inc/Legacy" -I"/home/toby/Documents/softsys/UniversalSerialBros/UniversalSerialBros/UniversalSerialBros/Middlewares/ST/STM32_USB_Device_Library/Core/Inc" -I"/home/toby/Documents/softsys/UniversalSerialBros/UniversalSerialBros/UniversalSerialBros/Middlewares/ST/STM32_USB_Device_Library/Class/HID/Inc" -I"/home/toby/Documents/softsys/UniversalSerialBros/UniversalSerialBros/UniversalSerialBros/Drivers/CMSIS/Device/ST/STM32F4xx/Include" -I"/home/toby/Documents/softsys/UniversalSerialBros/UniversalSerialBros/UniversalSerialBros/Drivers/CMSIS/Include"  -Og -g3 -Wall -fmessage-length=0 -ffunction-sections -c -fmessage-length=0 -MMD -MP -MF"Src/main.d" -MT"Src/main.o" -o "Src/main.o" "../Src/main.c"
Finished building: ../Src/main.c
 
Building file: ../Src/stm32f4xx_hal_msp.c
Invoking: MCU GCC Compiler
/home/toby/Documents/softsys/UniversalSerialBros/UniversalSerialBros/UniversalSerialBros/Debug
arm-none-eabi-gcc -mcpu=cortex-m4 -mthumb -mfloat-abi=hard -mfpu=fpv4-sp-d16 '-D__weak=__attribute__((weak))' '-D__packed="__attribute__((__packed__))"' -DUSE_HAL_DRIVER -DSTM32F446xx -I"/home/toby/Documents/softsys/UniversalSerialBros/UniversalSerialBros/UniversalSerialBros/Inc" -I"/home/toby/Documents/softsys/UniversalSerialBros/UniversalSerialBros/UniversalSerialBros/Drivers/STM32F4xx_HAL_Driver/Inc" -I"/home/toby/Documents/softsys/UniversalSerialBros/UniversalSerialBros/UniversalSerialBros/Drivers/STM32F4xx_HAL_Driver/Inc/Legacy" -I"/home/toby/Documents/softsys/UniversalSerialBros/UniversalSerialBros/UniversalSerialBros/Middlewares/ST/STM32_USB_Device_Library/Core/Inc" -I"/home/toby/Documents/softsys/UniversalSerialBros/UniversalSerialBros/UniversalSerialBros/Middlewares/ST/STM32_USB_Device_Library/Class/HID/Inc" -I"/home/toby/Documents/softsys/UniversalSerialBros/UniversalSerialBros/UniversalSerialBros/Drivers/CMSIS/Device/ST/STM32F4xx/Include" -I"/home/toby/Documents/softsys/UniversalSerialBros/UniversalSerialBros/UniversalSerialBros/Drivers/CMSIS/Include"  -Og -g3 -Wall -fmessage-length=0 -ffunction-sections -c -fmessage-length=0 -MMD -MP -MF"Src/stm32f4xx_hal_msp.d" -MT"Src/stm32f4xx_hal_msp.o" -o "Src/stm32f4xx_hal_msp.o" "../Src/stm32f4xx_hal_msp.c"
Finished building: ../Src/stm32f4xx_hal_msp.c
 
Building file: ../Src/stm32f4xx_it.c
Invoking: MCU GCC Compiler
/home/toby/Documents/softsys/UniversalSerialBros/UniversalSerialBros/UniversalSerialBros/Debug
arm-none-eabi-gcc -mcpu=cortex-m4 -mthumb -mfloat-abi=hard -mfpu=fpv4-sp-d16 '-D__weak=__attribute__((weak))' '-D__packed="__attribute__((__packed__))"' -DUSE_HAL_DRIVER -DSTM32F446xx -I"/home/toby/Documents/softsys/UniversalSerialBros/UniversalSerialBros/UniversalSerialBros/Inc" -I"/home/toby/Documents/softsys/UniversalSerialBros/UniversalSerialBros/UniversalSerialBros/Drivers/STM32F4xx_HAL_Driver/Inc" -I"/home/toby/Documents/softsys/UniversalSerialBros/UniversalSerialBros/UniversalSerialBros/Drivers/STM32F4xx_HAL_Driver/Inc/Legacy" -I"/home/toby/Documents/softsys/UniversalSerialBros/UniversalSerialBros/UniversalSerialBros/Middlewares/ST/STM32_USB_Device_Library/Core/Inc" -I"/home/toby/Documents/softsys/UniversalSerialBros/UniversalSerialBros/UniversalSerialBros/Middlewares/ST/STM32_USB_Device_Library/Class/HID/Inc" -I"/home/toby/Documents/softsys/UniversalSerialBros/UniversalSerialBros/UniversalSerialBros/Drivers/CMSIS/Device/ST/STM32F4xx/Include" -I"/home/toby/Documents/softsys/UniversalSerialBros/UniversalSerialBros/UniversalSerialBros/Drivers/CMSIS/Include"  -Og -g3 -Wall -fmessage-length=0 -ffunction-sections -c -fmessage-length=0 -MMD -MP -MF"Src/stm32f4xx_it.d" -MT"Src/stm32f4xx_it.o" -o "Src/stm32f4xx_it.o" "../Src/stm32f4xx_it.c"
Finished building: ../Src/stm32f4xx_it.c
 
Building file: ../Src/system_stm32f4xx.c
Invoking: MCU GCC Compiler
/home/toby/Documents/softsys/UniversalSerialBros/UniversalSerialBros/UniversalSerialBros/Debug
arm-none-eabi-gcc -mcpu=cortex-m4 -mthumb -mfloat-abi=hard -mfpu=fpv4-sp-d16 '-D__weak=__attribute__((weak))' '-D__packed="__attribute__((__packed__))"' -DUSE_HAL_DRIVER -DSTM32F446xx -I"/home/toby/Documents/softsys/UniversalSerialBros/UniversalSerialBros/UniversalSerialBros/Inc" -I"/home/toby/Documents/softsys/UniversalSerialBros/UniversalSerialBros/UniversalSerialBros/Drivers/STM32F4xx_HAL_Driver/Inc" -I"/home/toby/Documents/softsys/UniversalSerialBros/UniversalSerialBros/UniversalSerialBros/Drivers/STM32F4xx_HAL_Driver/Inc/Legacy" -I"/home/toby/Documents/softsys/UniversalSerialBros/UniversalSerialBros/UniversalSerialBros/Middlewares/ST/STM32_USB_Device_Library/Core/Inc" -I"/home/toby/Documents/softsys/UniversalSerialBros/UniversalSerialBros/UniversalSerialBros/Middlewares/ST/STM32_USB_Device_Library/Class/HID/Inc" -I"/home/toby/Documents/softsys/UniversalSerialBros/UniversalSerialBros/UniversalSerialBros/Drivers/CMSIS/Device/ST/STM32F4xx/Include" -I"/home/toby/Documents/softsys/UniversalSerialBros/UniversalSerialBros/UniversalSerialBros/Drivers/CMSIS/Include"  -Og -g3 -Wall -fmessage-length=0 -ffunction-sections -c -fmessage-length=0 -MMD -MP -MF"Src/system_stm32f4xx.d" -MT"Src/system_stm32f4xx.o" -o "Src/system_stm32f4xx.o" "../Src/system_stm32f4xx.c"
Finished building: ../Src/system_stm32f4xx.c
 
Building file: ../Src/usb_device.c
Invoking: MCU GCC Compiler
/home/toby/Documents/softsys/UniversalSerialBros/UniversalSerialBros/UniversalSerialBros/Debug
arm-none-eabi-gcc -mcpu=cortex-m4 -mthumb -mfloat-abi=hard -mfpu=fpv4-sp-d16 '-D__weak=__attribute__((weak))' '-D__packed="__attribute__((__packed__))"' -DUSE_HAL_DRIVER -DSTM32F446xx -I"/home/toby/Documents/softsys/UniversalSerialBros/UniversalSerialBros/UniversalSerialBros/Inc" -I"/home/toby/Documents/softsys/UniversalSerialBros/UniversalSerialBros/UniversalSerialBros/Drivers/STM32F4xx_HAL_Driver/Inc" -I"/home/toby/Documents/softsys/UniversalSerialBros/UniversalSerialBros/UniversalSerialBros/Drivers/STM32F4xx_HAL_Driver/Inc/Legacy" -I"/home/toby/Documents/softsys/UniversalSerialBros/UniversalSerialBros/UniversalSerialBros/Middlewares/ST/STM32_USB_Device_Library/Core/Inc" -I"/home/toby/Documents/softsys/UniversalSerialBros/UniversalSerialBros/UniversalSerialBros/Middlewares/ST/STM32_USB_Device_Library/Class/HID/Inc" -I"/home/toby/Documents/softsys/UniversalSerialBros/UniversalSerialBros/UniversalSerialBros/Drivers/CMSIS/Device/ST/STM32F4xx/Include" -I"/home/toby/Documents/softsys/UniversalSerialBros/UniversalSerialBros/UniversalSerialBros/Drivers/CMSIS/Include"  -Og -g3 -Wall -fmessage-length=0 -ffunction-sections -c -fmessage-length=0 -MMD -MP -MF"Src/usb_device.d" -MT"Src/usb_device.o" -o "Src/usb_device.o" "../Src/usb_device.c"
Finished building: ../Src/usb_device.c
 
Building file: ../Src/usbd_conf.c
Invoking: MCU GCC Compiler
/home/toby/Documents/softsys/UniversalSerialBros/UniversalSerialBros/UniversalSerialBros/Debug
arm-none-eabi-gcc -mcpu=cortex-m4 -mthumb -mfloat-abi=hard -mfpu=fpv4-sp-d16 '-D__weak=__attribute__((weak))' '-D__packed="__attribute__((__packed__))"' -DUSE_HAL_DRIVER -DSTM32F446xx -I"/home/toby/Documents/softsys/UniversalSerialBros/UniversalSerialBros/UniversalSerialBros/Inc" -I"/home/toby/Documents/softsys/UniversalSerialBros/UniversalSerialBros/UniversalSerialBros/Drivers/STM32F4xx_HAL_Driver/Inc" -I"/home/toby/Documents/softsys/UniversalSerialBros/UniversalSerialBros/UniversalSerialBros/Drivers/STM32F4xx_HAL_Driver/Inc/Legacy" -I"/home/toby/Documents/softsys/UniversalSerialBros/UniversalSerialBros/UniversalSerialBros/Middlewares/ST/STM32_USB_Device_Library/Core/Inc" -I"/home/toby/Documents/softsys/UniversalSerialBros/UniversalSerialBros/UniversalSerialBros/Middlewares/ST/STM32_USB_Device_Library/Class/HID/Inc" -I"/home/toby/Documents/softsys/UniversalSerialBros/UniversalSerialBros/UniversalSerialBros/Drivers/CMSIS/Device/ST/STM32F4xx/Include" -I"/home/toby/Documents/softsys/UniversalSerialBros/UniversalSerialBros/UniversalSerialBros/Drivers/CMSIS/Include"  -Og -g3 -Wall -fmessage-length=0 -ffunction-sections -c -fmessage-length=0 -MMD -MP -MF"Src/usbd_conf.d" -MT"Src/usbd_conf.o" -o "Src/usbd_conf.o" "../Src/usbd_conf.c"
Finished building: ../Src/usbd_conf.c
 
Building file: ../Src/usbd_desc.c
Invoking: MCU GCC Compiler
/home/toby/Documents/softsys/UniversalSerialBros/UniversalSerialBros/UniversalSerialBros/Debug
arm-none-eabi-gcc -mcpu=cortex-m4 -mthumb -mfloat-abi=hard -mfpu=fpv4-sp-d16 '-D__weak=__attribute__((weak))' '-D__packed="__attribute__((__packed__))"' -DUSE_HAL_DRIVER -DSTM32F446xx -I"/home/toby/Documents/softsys/UniversalSerialBros/UniversalSerialBros/UniversalSerialBros/Inc" -I"/home/toby/Documents/softsys/UniversalSerialBros/UniversalSerialBros/UniversalSerialBros/Drivers/STM32F4xx_HAL_Driver/Inc" -I"/home/toby/Documents/softsys/UniversalSerialBros/UniversalSerialBros/UniversalSerialBros/Drivers/STM32F4xx_HAL_Driver/Inc/Legacy" -I"/home/toby/Documents/softsys/UniversalSerialBros/UniversalSerialBros/UniversalSerialBros/Middlewares/ST/STM32_USB_Device_Library/Core/Inc" -I"/home/toby/Documents/softsys/UniversalSerialBros/UniversalSerialBros/UniversalSerialBros/Middlewares/ST/STM32_USB_Device_Library/Class/HID/Inc" -I"/home/toby/Documents/softsys/UniversalSerialBros/UniversalSerialBros/UniversalSerialBros/Drivers/CMSIS/Device/ST/STM32F4xx/Include" -I"/home/toby/Documents/softsys/UniversalSerialBros/UniversalSerialBros/UniversalSerialBros/Drivers/CMSIS/Include"  -Og -g3 -Wall -fmessage-length=0 -ffunction-sections -c -fmessage-length=0 -MMD -MP -MF"Src/usbd_desc.d" -MT"Src/usbd_desc.o" -o "Src/usbd_desc.o" "../Src/usbd_desc.c"
Finished building: ../Src/usbd_desc.c
 
Building file: ../Middlewares/ST/STM32_USB_Device_Library/Core/Src/usbd_core.c
Invoking: MCU GCC Compiler
/home/toby/Documents/softsys/UniversalSerialBros/UniversalSerialBros/UniversalSerialBros/Debug
arm-none-eabi-gcc -mcpu=cortex-m4 -mthumb -mfloat-abi=hard -mfpu=fpv4-sp-d16 '-D__weak=__attribute__((weak))' '-D__packed="__attribute__((__packed__))"' -DUSE_HAL_DRIVER -DSTM32F446xx -I"/home/toby/Documents/softsys/UniversalSerialBros/UniversalSerialBros/UniversalSerialBros/Inc" -I"/home/toby/Documents/softsys/UniversalSerialBros/UniversalSerialBros/UniversalSerialBros/Drivers/STM32F4xx_HAL_Driver/Inc" -I"/home/toby/Documents/softsys/UniversalSerialBros/UniversalSerialBros/UniversalSerialBros/Drivers/STM32F4xx_HAL_Driver/Inc/Legacy" -I"/home/toby/Documents/softsys/UniversalSerialBros/UniversalSerialBros/UniversalSerialBros/Middlewares/ST/STM32_USB_Device_Library/Core/Inc" -I"/home/toby/Documents/softsys/UniversalSerialBros/UniversalSerialBros/UniversalSerialBros/Middlewares/ST/STM32_USB_Device_Library/Class/HID/Inc" -I"/home/toby/Documents/softsys/UniversalSerialBros/UniversalSerialBros/UniversalSerialBros/Drivers/CMSIS/Device/ST/STM32F4xx/Include" -I"/home/toby/Documents/softsys/UniversalSerialBros/UniversalSerialBros/UniversalSerialBros/Drivers/CMSIS/Include"  -Og -g3 -Wall -fmessage-length=0 -ffunction-sections -c -fmessage-length=0 -MMD -MP -MF"Middlewares/ST/STM32_USB_Device_Library/Core/Src/usbd_core.d" -MT"Middlewares/ST/STM32_USB_Device_Library/Core/Src/usbd_core.o" -o "Middlewares/ST/STM32_USB_Device_Library/Core/Src/usbd_core.o" "../Middlewares/ST/STM32_USB_Device_Library/Core/Src/usbd_core.c"
Finished building: ../Middlewares/ST/STM32_USB_Device_Library/Core/Src/usbd_core.c
 
Building file: ../Middlewares/ST/STM32_USB_Device_Library/Core/Src/usbd_ctlreq.c
Invoking: MCU GCC Compiler
/home/toby/Documents/softsys/UniversalSerialBros/UniversalSerialBros/UniversalSerialBros/Debug
arm-none-eabi-gcc -mcpu=cortex-m4 -mthumb -mfloat-abi=hard -mfpu=fpv4-sp-d16 '-D__weak=__attribute__((weak))' '-D__packed="__attribute__((__packed__))"' -DUSE_HAL_DRIVER -DSTM32F446xx -I"/home/toby/Documents/softsys/UniversalSerialBros/UniversalSerialBros/UniversalSerialBros/Inc" -I"/home/toby/Documents/softsys/UniversalSerialBros/UniversalSerialBros/UniversalSerialBros/Drivers/STM32F4xx_HAL_Driver/Inc" -I"/home/toby/Documents/softsys/UniversalSerialBros/UniversalSerialBros/UniversalSerialBros/Drivers/STM32F4xx_HAL_Driver/Inc/Legacy" -I"/home/toby/Documents/softsys/UniversalSerialBros/UniversalSerialBros/UniversalSerialBros/Middlewares/ST/STM32_USB_Device_Library/Core/Inc" -I"/home/toby/Documents/softsys/UniversalSerialBros/UniversalSerialBros/UniversalSerialBros/Middlewares/ST/STM32_USB_Device_Library/Class/HID/Inc" -I"/home/toby/Documents/softsys/UniversalSerialBros/UniversalSerialBros/UniversalSerialBros/Drivers/CMSIS/Device/ST/STM32F4xx/Include" -I"/home/toby/Documents/softsys/UniversalSerialBros/UniversalSerialBros/UniversalSerialBros/Drivers/CMSIS/Include"  -Og -g3 -Wall -fmessage-length=0 -ffunction-sections -c -fmessage-length=0 -MMD -MP -MF"Middlewares/ST/STM32_USB_Device_Library/Core/Src/usbd_ctlreq.d" -MT"Middlewares/ST/STM32_USB_Device_Library/Core/Src/usbd_ctlreq.o" -o "Middlewares/ST/STM32_USB_Device_Library/Core/Src/usbd_ctlreq.o" "../Middlewares/ST/STM32_USB_Device_Library/Core/Src/usbd_ctlreq.c"
Finished building: ../Middlewares/ST/STM32_USB_Device_Library/Core/Src/usbd_ctlreq.c
 
Building file: ../Middlewares/ST/STM32_USB_Device_Library/Core/Src/usbd_ioreq.c
Invoking: MCU GCC Compiler
/home/toby/Documents/softsys/UniversalSerialBros/UniversalSerialBros/UniversalSerialBros/Debug
arm-none-eabi-gcc -mcpu=cortex-m4 -mthumb -mfloat-abi=hard -mfpu=fpv4-sp-d16 '-D__weak=__attribute__((weak))' '-D__packed="__attribute__((__packed__))"' -DUSE_HAL_DRIVER -DSTM32F446xx -I"/home/toby/Documents/softsys/UniversalSerialBros/UniversalSerialBros/UniversalSerialBros/Inc" -I"/home/toby/Documents/softsys/UniversalSerialBros/UniversalSerialBros/UniversalSerialBros/Drivers/STM32F4xx_HAL_Driver/Inc" -I"/home/toby/Documents/softsys/UniversalSerialBros/UniversalSerialBros/UniversalSerialBros/Drivers/STM32F4xx_HAL_Driver/Inc/Legacy" -I"/home/toby/Documents/softsys/UniversalSerialBros/UniversalSerialBros/UniversalSerialBros/Middlewares/ST/STM32_USB_Device_Library/Core/Inc" -I"/home/toby/Documents/softsys/UniversalSerialBros/UniversalSerialBros/UniversalSerialBros/Middlewares/ST/STM32_USB_Device_Library/Class/HID/Inc" -I"/home/toby/Documents/softsys/UniversalSerialBros/UniversalSerialBros/UniversalSerialBros/Drivers/CMSIS/Device/ST/STM32F4xx/Include" -I"/home/toby/Documents/softsys/UniversalSerialBros/UniversalSerialBros/UniversalSerialBros/Drivers/CMSIS/Include"  -Og -g3 -Wall -fmessage-length=0 -ffunction-sections -c -fmessage-length=0 -MMD -MP -MF"Middlewares/ST/STM32_USB_Device_Library/Core/Src/usbd_ioreq.d" -MT"Middlewares/ST/STM32_USB_Device_Library/Core/Src/usbd_ioreq.o" -o "Middlewares/ST/STM32_USB_Device_Library/Core/Src/usbd_ioreq.o" "../Middlewares/ST/STM32_USB_Device_Library/Core/Src/usbd_ioreq.c"
Finished building: ../Middlewares/ST/STM32_USB_Device_Library/Core/Src/usbd_ioreq.c
 
Building file: ../Middlewares/ST/STM32_USB_Device_Library/Class/HID/Src/usbd_hid.c
Invoking: MCU GCC Compiler
/home/toby/Documents/softsys/UniversalSerialBros/UniversalSerialBros/UniversalSerialBros/Debug
arm-none-eabi-gcc -mcpu=cortex-m4 -mthumb -mfloat-abi=hard -mfpu=fpv4-sp-d16 '-D__weak=__attribute__((weak))' '-D__packed="__attribute__((__packed__))"' -DUSE_HAL_DRIVER -DSTM32F446xx -I"/home/toby/Documents/softsys/UniversalSerialBros/UniversalSerialBros/UniversalSerialBros/Inc" -I"/home/toby/Documents/softsys/UniversalSerialBros/UniversalSerialBros/UniversalSerialBros/Drivers/STM32F4xx_HAL_Driver/Inc" -I"/home/toby/Documents/softsys/UniversalSerialBros/UniversalSerialBros/UniversalSerialBros/Drivers/STM32F4xx_HAL_Driver/Inc/Legacy" -I"/home/toby/Documents/softsys/UniversalSerialBros/UniversalSerialBros/UniversalSerialBros/Middlewares/ST/STM32_USB_Device_Library/Core/Inc" -I"/home/toby/Documents/softsys/UniversalSerialBros/UniversalSerialBros/UniversalSerialBros/Middlewares/ST/STM32_USB_Device_Library/Class/HID/Inc" -I"/home/toby/Documents/softsys/UniversalSerialBros/UniversalSerialBros/UniversalSerialBros/Drivers/CMSIS/Device/ST/STM32F4xx/Include" -I"/home/toby/Documents/softsys/UniversalSerialBros/UniversalSerialBros/UniversalSerialBros/Drivers/CMSIS/Include"  -Og -g3 -Wall -fmessage-length=0 -ffunction-sections -c -fmessage-length=0 -MMD -MP -MF"Middlewares/ST/STM32_USB_Device_Library/Class/HID/Src/usbd_hid.d" -MT"Middlewares/ST/STM32_USB_Device_Library/Class/HID/Src/usbd_hid.o" -o "Middlewares/ST/STM32_USB_Device_Library/Class/HID/Src/usbd_hid.o" "../Middlewares/ST/STM32_USB_Device_Library/Class/HID/Src/usbd_hid.c"
Finished building: ../Middlewares/ST/STM32_USB_Device_Library/Class/HID/Src/usbd_hid.c
 
Building file: ../Drivers/STM32F4xx_HAL_Driver/Src/stm32f4xx_hal.c
Invoking: MCU GCC Compiler
/home/toby/Documents/softsys/UniversalSerialBros/UniversalSerialBros/UniversalSerialBros/Debug
arm-none-eabi-gcc -mcpu=cortex-m4 -mthumb -mfloat-abi=hard -mfpu=fpv4-sp-d16 '-D__weak=__attribute__((weak))' '-D__packed="__attribute__((__packed__))"' -DUSE_HAL_DRIVER -DSTM32F446xx -I"/home/toby/Documents/softsys/UniversalSerialBros/UniversalSerialBros/UniversalSerialBros/Inc" -I"/home/toby/Documents/softsys/UniversalSerialBros/UniversalSerialBros/UniversalSerialBros/Drivers/STM32F4xx_HAL_Driver/Inc" -I"/home/toby/Documents/softsys/UniversalSerialBros/UniversalSerialBros/UniversalSerialBros/Drivers/STM32F4xx_HAL_Driver/Inc/Legacy" -I"/home/toby/Documents/softsys/UniversalSerialBros/UniversalSerialBros/UniversalSerialBros/Middlewares/ST/STM32_USB_Device_Library/Core/Inc" -I"/home/toby/Documents/softsys/UniversalSerialBros/UniversalSerialBros/UniversalSerialBros/Middlewares/ST/STM32_USB_Device_Library/Class/HID/Inc" -I"/home/toby/Documents/softsys/UniversalSerialBros/UniversalSerialBros/UniversalSerialBros/Drivers/CMSIS/Device/ST/STM32F4xx/Include" -I"/home/toby/Documents/softsys/UniversalSerialBros/UniversalSerialBros/UniversalSerialBros/Drivers/CMSIS/Include"  -Og -g3 -Wall -fmessage-length=0 -ffunction-sections -c -fmessage-length=0 -MMD -MP -MF"Drivers/STM32F4xx_HAL_Driver/Src/stm32f4xx_hal.d" -MT"Drivers/STM32F4xx_HAL_Driver/Src/stm32f4xx_hal.o" -o "Drivers/STM32F4xx_HAL_Driver/Src/stm32f4xx_hal.o" "../Drivers/STM32F4xx_HAL_Driver/Src/stm32f4xx_hal.c"
Finished building: ../Drivers/STM32F4xx_HAL_Driver/Src/stm32f4xx_hal.c
 
Building file: ../Drivers/STM32F4xx_HAL_Driver/Src/stm32f4xx_hal_cortex.c
Invoking: MCU GCC Compiler
/home/toby/Documents/softsys/UniversalSerialBros/UniversalSerialBros/UniversalSerialBros/Debug
arm-none-eabi-gcc -mcpu=cortex-m4 -mthumb -mfloat-abi=hard -mfpu=fpv4-sp-d16 '-D__weak=__attribute__((weak))' '-D__packed="__attribute__((__packed__))"' -DUSE_HAL_DRIVER -DSTM32F446xx -I"/home/toby/Documents/softsys/UniversalSerialBros/UniversalSerialBros/UniversalSerialBros/Inc" -I"/home/toby/Documents/softsys/UniversalSerialBros/UniversalSerialBros/UniversalSerialBros/Drivers/STM32F4xx_HAL_Driver/Inc" -I"/home/toby/Documents/softsys/UniversalSerialBros/UniversalSerialBros/UniversalSerialBros/Drivers/STM32F4xx_HAL_Driver/Inc/Legacy" -I"/home/toby/Documents/softsys/UniversalSerialBros/UniversalSerialBros/UniversalSerialBros/Middlewares/ST/STM32_USB_Device_Library/Core/Inc" -I"/home/toby/Documents/softsys/UniversalSerialBros/UniversalSerialBros/UniversalSerialBros/Middlewares/ST/STM32_USB_Device_Library/Class/HID/Inc" -I"/home/toby/Documents/softsys/UniversalSerialBros/UniversalSerialBros/UniversalSerialBros/Drivers/CMSIS/Device/ST/STM32F4xx/Include" -I"/home/toby/Documents/softsys/UniversalSerialBros/UniversalSerialBros/UniversalSerialBros/Drivers/CMSIS/Include"  -Og -g3 -Wall -fmessage-length=0 -ffunction-sections -c -fmessage-length=0 -MMD -MP -MF"Drivers/STM32F4xx_HAL_Driver/Src/stm32f4xx_hal_cortex.d" -MT"Drivers/STM32F4xx_HAL_Driver/Src/stm32f4xx_hal_cortex.o" -o "Drivers/STM32F4xx_HAL_Driver/Src/stm32f4xx_hal_cortex.o" "../Drivers/STM32F4xx_HAL_Driver/Src/stm32f4xx_hal_cortex.c"
Finished building: ../Drivers/STM32F4xx_HAL_Driver/Src/stm32f4xx_hal_cortex.c
 
Building file: ../Drivers/STM32F4xx_HAL_Driver/Src/stm32f4xx_hal_dma.c
Invoking: MCU GCC Compiler
/home/toby/Documents/softsys/UniversalSerialBros/UniversalSerialBros/UniversalSerialBros/Debug
arm-none-eabi-gcc -mcpu=cortex-m4 -mthumb -mfloat-abi=hard -mfpu=fpv4-sp-d16 '-D__weak=__attribute__((weak))' '-D__packed="__attribute__((__packed__))"' -DUSE_HAL_DRIVER -DSTM32F446xx -I"/home/toby/Documents/softsys/UniversalSerialBros/UniversalSerialBros/UniversalSerialBros/Inc" -I"/home/toby/Documents/softsys/UniversalSerialBros/UniversalSerialBros/UniversalSerialBros/Drivers/STM32F4xx_HAL_Driver/Inc" -I"/home/toby/Documents/softsys/UniversalSerialBros/UniversalSerialBros/UniversalSerialBros/Drivers/STM32F4xx_HAL_Driver/Inc/Legacy" -I"/home/toby/Documents/softsys/UniversalSerialBros/UniversalSerialBros/UniversalSerialBros/Middlewares/ST/STM32_USB_Device_Library/Core/Inc" -I"/home/toby/Documents/softsys/UniversalSerialBros/UniversalSerialBros/UniversalSerialBros/Middlewares/ST/STM32_USB_Device_Library/Class/HID/Inc" -I"/home/toby/Documents/softsys/UniversalSerialBros/UniversalSerialBros/UniversalSerialBros/Drivers/CMSIS/Device/ST/STM32F4xx/Include" -I"/home/toby/Documents/softsys/UniversalSerialBros/UniversalSerialBros/UniversalSerialBros/Drivers/CMSIS/Include"  -Og -g3 -Wall -fmessage-length=0 -ffunction-sections -c -fmessage-length=0 -MMD -MP -MF"Drivers/STM32F4xx_HAL_Driver/Src/stm32f4xx_hal_dma.d" -MT"Drivers/STM32F4xx_HAL_Driver/Src/stm32f4xx_hal_dma.o" -o "Drivers/STM32F4xx_HAL_Driver/Src/stm32f4xx_hal_dma.o" "../Drivers/STM32F4xx_HAL_Driver/Src/stm32f4xx_hal_dma.c"
Finished building: ../Drivers/STM32F4xx_HAL_Driver/Src/stm32f4xx_hal_dma.c
 
Building file: ../Drivers/STM32F4xx_HAL_Driver/Src/stm32f4xx_hal_dma_ex.c
Invoking: MCU GCC Compiler
/home/toby/Documents/softsys/UniversalSerialBros/UniversalSerialBros/UniversalSerialBros/Debug
arm-none-eabi-gcc -mcpu=cortex-m4 -mthumb -mfloat-abi=hard -mfpu=fpv4-sp-d16 '-D__weak=__attribute__((weak))' '-D__packed="__attribute__((__packed__))"' -DUSE_HAL_DRIVER -DSTM32F446xx -I"/home/toby/Documents/softsys/UniversalSerialBros/UniversalSerialBros/UniversalSerialBros/Inc" -I"/home/toby/Documents/softsys/UniversalSerialBros/UniversalSerialBros/UniversalSerialBros/Drivers/STM32F4xx_HAL_Driver/Inc" -I"/home/toby/Documents/softsys/UniversalSerialBros/UniversalSerialBros/UniversalSerialBros/Drivers/STM32F4xx_HAL_Driver/Inc/Legacy" -I"/home/toby/Documents/softsys/UniversalSerialBros/UniversalSerialBros/UniversalSerialBros/Middlewares/ST/STM32_USB_Device_Library/Core/Inc" -I"/home/toby/Documents/softsys/UniversalSerialBros/UniversalSerialBros/UniversalSerialBros/Middlewares/ST/STM32_USB_Device_Library/Class/HID/Inc" -I"/home/toby/Documents/softsys/UniversalSerialBros/UniversalSerialBros/UniversalSerialBros/Drivers/CMSIS/Device/ST/STM32F4xx/Include" -I"/home/toby/Documents/softsys/UniversalSerialBros/UniversalSerialBros/UniversalSerialBros/Drivers/CMSIS/Include"  -Og -g3 -Wall -fmessage-length=0 -ffunction-sections -c -fmessage-length=0 -MMD -MP -MF"Drivers/STM32F4xx_HAL_Driver/Src/stm32f4xx_hal_dma_ex.d" -MT"Drivers/STM32F4xx_HAL_Driver/Src/stm32f4xx_hal_dma_ex.o" -o "Drivers/STM32F4xx_HAL_Driver/Src/stm32f4xx_hal_dma_ex.o" "../Drivers/STM32F4xx_HAL_Driver/Src/stm32f4xx_hal_dma_ex.c"
Finished building: ../Drivers/STM32F4xx_HAL_Driver/Src/stm32f4xx_hal_dma_ex.c
 
Building file: ../Drivers/STM32F4xx_HAL_Driver/Src/stm32f4xx_hal_flash.c
Invoking: MCU GCC Compiler
/home/toby/Documents/softsys/UniversalSerialBros/UniversalSerialBros/UniversalSerialBros/Debug
arm-none-eabi-gcc -mcpu=cortex-m4 -mthumb -mfloat-abi=hard -mfpu=fpv4-sp-d16 '-D__weak=__attribute__((weak))' '-D__packed="__attribute__((__packed__))"' -DUSE_HAL_DRIVER -DSTM32F446xx -I"/home/toby/Documents/softsys/UniversalSerialBros/UniversalSerialBros/UniversalSerialBros/Inc" -I"/home/toby/Documents/softsys/UniversalSerialBros/UniversalSerialBros/UniversalSerialBros/Drivers/STM32F4xx_HAL_Driver/Inc" -I"/home/toby/Documents/softsys/UniversalSerialBros/UniversalSerialBros/UniversalSerialBros/Drivers/STM32F4xx_HAL_Driver/Inc/Legacy" -I"/home/toby/Documents/softsys/UniversalSerialBros/UniversalSerialBros/UniversalSerialBros/Middlewares/ST/STM32_USB_Device_Library/Core/Inc" -I"/home/toby/Documents/softsys/UniversalSerialBros/UniversalSerialBros/UniversalSerialBros/Middlewares/ST/STM32_USB_Device_Library/Class/HID/Inc" -I"/home/toby/Documents/softsys/UniversalSerialBros/UniversalSerialBros/UniversalSerialBros/Drivers/CMSIS/Device/ST/STM32F4xx/Include" -I"/home/toby/Documents/softsys/UniversalSerialBros/UniversalSerialBros/UniversalSerialBros/Drivers/CMSIS/Include"  -Og -g3 -Wall -fmessage-length=0 -ffunction-sections -c -fmessage-length=0 -MMD -MP -MF"Drivers/STM32F4xx_HAL_Driver/Src/stm32f4xx_hal_flash.d" -MT"Drivers/STM32F4xx_HAL_Driver/Src/stm32f4xx_hal_flash.o" -o "Drivers/STM32F4xx_HAL_Driver/Src/stm32f4xx_hal_flash.o" "../Drivers/STM32F4xx_HAL_Driver/Src/stm32f4xx_hal_flash.c"
Finished building: ../Drivers/STM32F4xx_HAL_Driver/Src/stm32f4xx_hal_flash.c
 
Building file: ../Drivers/STM32F4xx_HAL_Driver/Src/stm32f4xx_hal_flash_ex.c
Invoking: MCU GCC Compiler
/home/toby/Documents/softsys/UniversalSerialBros/UniversalSerialBros/UniversalSerialBros/Debug
arm-none-eabi-gcc -mcpu=cortex-m4 -mthumb -mfloat-abi=hard -mfpu=fpv4-sp-d16 '-D__weak=__attribute__((weak))' '-D__packed="__attribute__((__packed__))"' -DUSE_HAL_DRIVER -DSTM32F446xx -I"/home/toby/Documents/softsys/UniversalSerialBros/UniversalSerialBros/UniversalSerialBros/Inc" -I"/home/toby/Documents/softsys/UniversalSerialBros/UniversalSerialBros/UniversalSerialBros/Drivers/STM32F4xx_HAL_Driver/Inc" -I"/home/toby/Documents/softsys/UniversalSerialBros/UniversalSerialBros/UniversalSerialBros/Drivers/STM32F4xx_HAL_Driver/Inc/Legacy" -I"/home/toby/Documents/softsys/UniversalSerialBros/UniversalSerialBros/UniversalSerialBros/Middlewares/ST/STM32_USB_Device_Library/Core/Inc" -I"/home/toby/Documents/softsys/UniversalSerialBros/UniversalSerialBros/UniversalSerialBros/Middlewares/ST/STM32_USB_Device_Library/Class/HID/Inc" -I"/home/toby/Documents/softsys/UniversalSerialBros/UniversalSerialBros/UniversalSerialBros/Drivers/CMSIS/Device/ST/STM32F4xx/Include" -I"/home/toby/Documents/softsys/UniversalSerialBros/UniversalSerialBros/UniversalSerialBros/Drivers/CMSIS/Include"  -Og -g3 -Wall -fmessage-length=0 -ffunction-sections -c -fmessage-length=0 -MMD -MP -MF"Drivers/STM32F4xx_HAL_Driver/Src/stm32f4xx_hal_flash_ex.d" -MT"Drivers/STM32F4xx_HAL_Driver/Src/stm32f4xx_hal_flash_ex.o" -o "Drivers/STM32F4xx_HAL_Driver/Src/stm32f4xx_hal_flash_ex.o" "../Drivers/STM32F4xx_HAL_Driver/Src/stm32f4xx_hal_flash_ex.c"
Finished building: ../Drivers/STM32F4xx_HAL_Driver/Src/stm32f4xx_hal_flash_ex.c
 
Building file: ../Drivers/STM32F4xx_HAL_Driver/Src/stm32f4xx_hal_flash_ramfunc.c
Invoking: MCU GCC Compiler
/home/toby/Documents/softsys/UniversalSerialBros/UniversalSerialBros/UniversalSerialBros/Debug
arm-none-eabi-gcc -mcpu=cortex-m4 -mthumb -mfloat-abi=hard -mfpu=fpv4-sp-d16 '-D__weak=__attribute__((weak))' '-D__packed="__attribute__((__packed__))"' -DUSE_HAL_DRIVER -DSTM32F446xx -I"/home/toby/Documents/softsys/UniversalSerialBros/UniversalSerialBros/UniversalSerialBros/Inc" -I"/home/toby/Documents/softsys/UniversalSerialBros/UniversalSerialBros/UniversalSerialBros/Drivers/STM32F4xx_HAL_Driver/Inc" -I"/home/toby/Documents/softsys/UniversalSerialBros/UniversalSerialBros/UniversalSerialBros/Drivers/STM32F4xx_HAL_Driver/Inc/Legacy" -I"/home/toby/Documents/softsys/UniversalSerialBros/UniversalSerialBros/UniversalSerialBros/Middlewares/ST/STM32_USB_Device_Library/Core/Inc" -I"/home/toby/Documents/softsys/UniversalSerialBros/UniversalSerialBros/UniversalSerialBros/Middlewares/ST/STM32_USB_Device_Library/Class/HID/Inc" -I"/home/toby/Documents/softsys/UniversalSerialBros/UniversalSerialBros/UniversalSerialBros/Drivers/CMSIS/Device/ST/STM32F4xx/Include" -I"/home/toby/Documents/softsys/UniversalSerialBros/UniversalSerialBros/UniversalSerialBros/Drivers/CMSIS/Include"  -Og -g3 -Wall -fmessage-length=0 -ffunction-sections -c -fmessage-length=0 -MMD -MP -MF"Drivers/STM32F4xx_HAL_Driver/Src/stm32f4xx_hal_flash_ramfunc.d" -MT"Drivers/STM32F4xx_HAL_Driver/Src/stm32f4xx_hal_flash_ramfunc.o" -o "Drivers/STM32F4xx_HAL_Driver/Src/stm32f4xx_hal_flash_ramfunc.o" "../Drivers/STM32F4xx_HAL_Driver/Src/stm32f4xx_hal_flash_ramfunc.c"
Finished building: ../Drivers/STM32F4xx_HAL_Driver/Src/stm32f4xx_hal_flash_ramfunc.c
 
Building file: ../Drivers/STM32F4xx_HAL_Driver/Src/stm32f4xx_hal_gpio.c
Invoking: MCU GCC Compiler
/home/toby/Documents/softsys/UniversalSerialBros/UniversalSerialBros/UniversalSerialBros/Debug
arm-none-eabi-gcc -mcpu=cortex-m4 -mthumb -mfloat-abi=hard -mfpu=fpv4-sp-d16 '-D__weak=__attribute__((weak))' '-D__packed="__attribute__((__packed__))"' -DUSE_HAL_DRIVER -DSTM32F446xx -I"/home/toby/Documents/softsys/UniversalSerialBros/UniversalSerialBros/UniversalSerialBros/Inc" -I"/home/toby/Documents/softsys/UniversalSerialBros/UniversalSerialBros/UniversalSerialBros/Drivers/STM32F4xx_HAL_Driver/Inc" -I"/home/toby/Documents/softsys/UniversalSerialBros/UniversalSerialBros/UniversalSerialBros/Drivers/STM32F4xx_HAL_Driver/Inc/Legacy" -I"/home/toby/Documents/softsys/UniversalSerialBros/UniversalSerialBros/UniversalSerialBros/Middlewares/ST/STM32_USB_Device_Library/Core/Inc" -I"/home/toby/Documents/softsys/UniversalSerialBros/UniversalSerialBros/UniversalSerialBros/Middlewares/ST/STM32_USB_Device_Library/Class/HID/Inc" -I"/home/toby/Documents/softsys/UniversalSerialBros/UniversalSerialBros/UniversalSerialBros/Drivers/CMSIS/Device/ST/STM32F4xx/Include" -I"/home/toby/Documents/softsys/UniversalSerialBros/UniversalSerialBros/UniversalSerialBros/Drivers/CMSIS/Include"  -Og -g3 -Wall -fmessage-length=0 -ffunction-sections -c -fmessage-length=0 -MMD -MP -MF"Drivers/STM32F4xx_HAL_Driver/Src/stm32f4xx_hal_gpio.d" -MT"Drivers/STM32F4xx_HAL_Driver/Src/stm32f4xx_hal_gpio.o" -o "Drivers/STM32F4xx_HAL_Driver/Src/stm32f4xx_hal_gpio.o" "../Drivers/STM32F4xx_HAL_Driver/Src/stm32f4xx_hal_gpio.c"
Finished building: ../Drivers/STM32F4xx_HAL_Driver/Src/stm32f4xx_hal_gpio.c
 
Building file: ../Drivers/STM32F4xx_HAL_Driver/Src/stm32f4xx_hal_pcd.c
Invoking: MCU GCC Compiler
/home/toby/Documents/softsys/UniversalSerialBros/UniversalSerialBros/UniversalSerialBros/Debug
arm-none-eabi-gcc -mcpu=cortex-m4 -mthumb -mfloat-abi=hard -mfpu=fpv4-sp-d16 '-D__weak=__attribute__((weak))' '-D__packed="__attribute__((__packed__))"' -DUSE_HAL_DRIVER -DSTM32F446xx -I"/home/toby/Documents/softsys/UniversalSerialBros/UniversalSerialBros/UniversalSerialBros/Inc" -I"/home/toby/Documents/softsys/UniversalSerialBros/UniversalSerialBros/UniversalSerialBros/Drivers/STM32F4xx_HAL_Driver/Inc" -I"/home/toby/Documents/softsys/UniversalSerialBros/UniversalSerialBros/UniversalSerialBros/Drivers/STM32F4xx_HAL_Driver/Inc/Legacy" -I"/home/toby/Documents/softsys/UniversalSerialBros/UniversalSerialBros/UniversalSerialBros/Middlewares/ST/STM32_USB_Device_Library/Core/Inc" -I"/home/toby/Documents/softsys/UniversalSerialBros/UniversalSerialBros/UniversalSerialBros/Middlewares/ST/STM32_USB_Device_Library/Class/HID/Inc" -I"/home/toby/Documents/softsys/UniversalSerialBros/UniversalSerialBros/UniversalSerialBros/Drivers/CMSIS/Device/ST/STM32F4xx/Include" -I"/home/toby/Documents/softsys/UniversalSerialBros/UniversalSerialBros/UniversalSerialBros/Drivers/CMSIS/Include"  -Og -g3 -Wall -fmessage-length=0 -ffunction-sections -c -fmessage-length=0 -MMD -MP -MF"Drivers/STM32F4xx_HAL_Driver/Src/stm32f4xx_hal_pcd.d" -MT"Drivers/STM32F4xx_HAL_Driver/Src/stm32f4xx_hal_pcd.o" -o "Drivers/STM32F4xx_HAL_Driver/Src/stm32f4xx_hal_pcd.o" "../Drivers/STM32F4xx_HAL_Driver/Src/stm32f4xx_hal_pcd.c"
Finished building: ../Drivers/STM32F4xx_HAL_Driver/Src/stm32f4xx_hal_pcd.c
 
Building file: ../Drivers/STM32F4xx_HAL_Driver/Src/stm32f4xx_hal_pcd_ex.c
Invoking: MCU GCC Compiler
/home/toby/Documents/softsys/UniversalSerialBros/UniversalSerialBros/UniversalSerialBros/Debug
arm-none-eabi-gcc -mcpu=cortex-m4 -mthumb -mfloat-abi=hard -mfpu=fpv4-sp-d16 '-D__weak=__attribute__((weak))' '-D__packed="__attribute__((__packed__))"' -DUSE_HAL_DRIVER -DSTM32F446xx -I"/home/toby/Documents/softsys/UniversalSerialBros/UniversalSerialBros/UniversalSerialBros/Inc" -I"/home/toby/Documents/softsys/UniversalSerialBros/UniversalSerialBros/UniversalSerialBros/Drivers/STM32F4xx_HAL_Driver/Inc" -I"/home/toby/Documents/softsys/UniversalSerialBros/UniversalSerialBros/UniversalSerialBros/Drivers/STM32F4xx_HAL_Driver/Inc/Legacy" -I"/home/toby/Documents/softsys/UniversalSerialBros/UniversalSerialBros/UniversalSerialBros/Middlewares/ST/STM32_USB_Device_Library/Core/Inc" -I"/home/toby/Documents/softsys/UniversalSerialBros/UniversalSerialBros/UniversalSerialBros/Middlewares/ST/STM32_USB_Device_Library/Class/HID/Inc" -I"/home/toby/Documents/softsys/UniversalSerialBros/UniversalSerialBros/UniversalSerialBros/Drivers/CMSIS/Device/ST/STM32F4xx/Include" -I"/home/toby/Documents/softsys/UniversalSerialBros/UniversalSerialBros/UniversalSerialBros/Drivers/CMSIS/Include"  -Og -g3 -Wall -fmessage-length=0 -ffunction-sections -c -fmessage-length=0 -MMD -MP -MF"Drivers/STM32F4xx_HAL_Driver/Src/stm32f4xx_hal_pcd_ex.d" -MT"Drivers/STM32F4xx_HAL_Driver/Src/stm32f4xx_hal_pcd_ex.o" -o "Drivers/STM32F4xx_HAL_Driver/Src/stm32f4xx_hal_pcd_ex.o" "../Drivers/STM32F4xx_HAL_Driver/Src/stm32f4xx_hal_pcd_ex.c"
Finished building: ../Drivers/STM32F4xx_HAL_Driver/Src/stm32f4xx_hal_pcd_ex.c
 
Building file: ../Drivers/STM32F4xx_HAL_Driver/Src/stm32f4xx_hal_pwr.c
Invoking: MCU GCC Compiler
/home/toby/Documents/softsys/UniversalSerialBros/UniversalSerialBros/UniversalSerialBros/Debug
arm-none-eabi-gcc -mcpu=cortex-m4 -mthumb -mfloat-abi=hard -mfpu=fpv4-sp-d16 '-D__weak=__attribute__((weak))' '-D__packed="__attribute__((__packed__))"' -DUSE_HAL_DRIVER -DSTM32F446xx -I"/home/toby/Documents/softsys/UniversalSerialBros/UniversalSerialBros/UniversalSerialBros/Inc" -I"/home/toby/Documents/softsys/UniversalSerialBros/UniversalSerialBros/UniversalSerialBros/Drivers/STM32F4xx_HAL_Driver/Inc" -I"/home/toby/Documents/softsys/UniversalSerialBros/UniversalSerialBros/UniversalSerialBros/Drivers/STM32F4xx_HAL_Driver/Inc/Legacy" -I"/home/toby/Documents/softsys/UniversalSerialBros/UniversalSerialBros/UniversalSerialBros/Middlewares/ST/STM32_USB_Device_Library/Core/Inc" -I"/home/toby/Documents/softsys/UniversalSerialBros/UniversalSerialBros/UniversalSerialBros/Middlewares/ST/STM32_USB_Device_Library/Class/HID/Inc" -I"/home/toby/Documents/softsys/UniversalSerialBros/UniversalSerialBros/UniversalSerialBros/Drivers/CMSIS/Device/ST/STM32F4xx/Include" -I"/home/toby/Documents/softsys/UniversalSerialBros/UniversalSerialBros/UniversalSerialBros/Drivers/CMSIS/Include"  -Og -g3 -Wall -fmessage-length=0 -ffunction-sections -c -fmessage-length=0 -MMD -MP -MF"Drivers/STM32F4xx_HAL_Driver/Src/stm32f4xx_hal_pwr.d" -MT"Drivers/STM32F4xx_HAL_Driver/Src/stm32f4xx_hal_pwr.o" -o "Drivers/STM32F4xx_HAL_Driver/Src/stm32f4xx_hal_pwr.o" "../Drivers/STM32F4xx_HAL_Driver/Src/stm32f4xx_hal_pwr.c"
Finished building: ../Drivers/STM32F4xx_HAL_Driver/Src/stm32f4xx_hal_pwr.c
 
Building file: ../Drivers/STM32F4xx_HAL_Driver/Src/stm32f4xx_hal_pwr_ex.c
Invoking: MCU GCC Compiler
/home/toby/Documents/softsys/UniversalSerialBros/UniversalSerialBros/UniversalSerialBros/Debug
arm-none-eabi-gcc -mcpu=cortex-m4 -mthumb -mfloat-abi=hard -mfpu=fpv4-sp-d16 '-D__weak=__attribute__((weak))' '-D__packed="__attribute__((__packed__))"' -DUSE_HAL_DRIVER -DSTM32F446xx -I"/home/toby/Documents/softsys/UniversalSerialBros/UniversalSerialBros/UniversalSerialBros/Inc" -I"/home/toby/Documents/softsys/UniversalSerialBros/UniversalSerialBros/UniversalSerialBros/Drivers/STM32F4xx_HAL_Driver/Inc" -I"/home/toby/Documents/softsys/UniversalSerialBros/UniversalSerialBros/UniversalSerialBros/Drivers/STM32F4xx_HAL_Driver/Inc/Legacy" -I"/home/toby/Documents/softsys/UniversalSerialBros/UniversalSerialBros/UniversalSerialBros/Middlewares/ST/STM32_USB_Device_Library/Core/Inc" -I"/home/toby/Documents/softsys/UniversalSerialBros/UniversalSerialBros/UniversalSerialBros/Middlewares/ST/STM32_USB_Device_Library/Class/HID/Inc" -I"/home/toby/Documents/softsys/UniversalSerialBros/UniversalSerialBros/UniversalSerialBros/Drivers/CMSIS/Device/ST/STM32F4xx/Include" -I"/home/toby/Documents/softsys/UniversalSerialBros/UniversalSerialBros/UniversalSerialBros/Drivers/CMSIS/Include"  -Og -g3 -Wall -fmessage-length=0 -ffunction-sections -c -fmessage-length=0 -MMD -MP -MF"Drivers/STM32F4xx_HAL_Driver/Src/stm32f4xx_hal_pwr_ex.d" -MT"Drivers/STM32F4xx_HAL_Driver/Src/stm32f4xx_hal_pwr_ex.o" -o "Drivers/STM32F4xx_HAL_Driver/Src/stm32f4xx_hal_pwr_ex.o" "../Drivers/STM32F4xx_HAL_Driver/Src/stm32f4xx_hal_pwr_ex.c"
Finished building: ../Drivers/STM32F4xx_HAL_Driver/Src/stm32f4xx_hal_pwr_ex.c
 
Building file: ../Drivers/STM32F4xx_HAL_Driver/Src/stm32f4xx_hal_rcc.c
Invoking: MCU GCC Compiler
/home/toby/Documents/softsys/UniversalSerialBros/UniversalSerialBros/UniversalSerialBros/Debug
arm-none-eabi-gcc -mcpu=cortex-m4 -mthumb -mfloat-abi=hard -mfpu=fpv4-sp-d16 '-D__weak=__attribute__((weak))' '-D__packed="__attribute__((__packed__))"' -DUSE_HAL_DRIVER -DSTM32F446xx -I"/home/toby/Documents/softsys/UniversalSerialBros/UniversalSerialBros/UniversalSerialBros/Inc" -I"/home/toby/Documents/softsys/UniversalSerialBros/UniversalSerialBros/UniversalSerialBros/Drivers/STM32F4xx_HAL_Driver/Inc" -I"/home/toby/Documents/softsys/UniversalSerialBros/UniversalSerialBros/UniversalSerialBros/Drivers/STM32F4xx_HAL_Driver/Inc/Legacy" -I"/home/toby/Documents/softsys/UniversalSerialBros/UniversalSerialBros/UniversalSerialBros/Middlewares/ST/STM32_USB_Device_Library/Core/Inc" -I"/home/toby/Documents/softsys/UniversalSerialBros/UniversalSerialBros/UniversalSerialBros/Middlewares/ST/STM32_USB_Device_Library/Class/HID/Inc" -I"/home/toby/Documents/softsys/UniversalSerialBros/UniversalSerialBros/UniversalSerialBros/Drivers/CMSIS/Device/ST/STM32F4xx/Include" -I"/home/toby/Documents/softsys/UniversalSerialBros/UniversalSerialBros/UniversalSerialBros/Drivers/CMSIS/Include"  -Og -g3 -Wall -fmessage-length=0 -ffunction-sections -c -fmessage-length=0 -MMD -MP -MF"Drivers/STM32F4xx_HAL_Driver/Src/stm32f4xx_hal_rcc.d" -MT"Drivers/STM32F4xx_HAL_Driver/Src/stm32f4xx_hal_rcc.o" -o "Drivers/STM32F4xx_HAL_Driver/Src/stm32f4xx_hal_rcc.o" "../Drivers/STM32F4xx_HAL_Driver/Src/stm32f4xx_hal_rcc.c"
Finished building: ../Drivers/STM32F4xx_HAL_Driver/Src/stm32f4xx_hal_rcc.c
 
Building file: ../Drivers/STM32F4xx_HAL_Driver/Src/stm32f4xx_hal_rcc_ex.c
Invoking: MCU GCC Compiler
/home/toby/Documents/softsys/UniversalSerialBros/UniversalSerialBros/UniversalSerialBros/Debug
arm-none-eabi-gcc -mcpu=cortex-m4 -mthumb -mfloat-abi=hard -mfpu=fpv4-sp-d16 '-D__weak=__attribute__((weak))' '-D__packed="__attribute__((__packed__))"' -DUSE_HAL_DRIVER -DSTM32F446xx -I"/home/toby/Documents/softsys/UniversalSerialBros/UniversalSerialBros/UniversalSerialBros/Inc" -I"/home/toby/Documents/softsys/UniversalSerialBros/UniversalSerialBros/UniversalSerialBros/Drivers/STM32F4xx_HAL_Driver/Inc" -I"/home/toby/Documents/softsys/UniversalSerialBros/UniversalSerialBros/UniversalSerialBros/Drivers/STM32F4xx_HAL_Driver/Inc/Legacy" -I"/home/toby/Documents/softsys/UniversalSerialBros/UniversalSerialBros/UniversalSerialBros/Middlewares/ST/STM32_USB_Device_Library/Core/Inc" -I"/home/toby/Documents/softsys/UniversalSerialBros/UniversalSerialBros/UniversalSerialBros/Middlewares/ST/STM32_USB_Device_Library/Class/HID/Inc" -I"/home/toby/Documents/softsys/UniversalSerialBros/UniversalSerialBros/UniversalSerialBros/Drivers/CMSIS/Device/ST/STM32F4xx/Include" -I"/home/toby/Documents/softsys/UniversalSerialBros/UniversalSerialBros/UniversalSerialBros/Drivers/CMSIS/Include"  -Og -g3 -Wall -fmessage-length=0 -ffunction-sections -c -fmessage-length=0 -MMD -MP -MF"Drivers/STM32F4xx_HAL_Driver/Src/stm32f4xx_hal_rcc_ex.d" -MT"Drivers/STM32F4xx_HAL_Driver/Src/stm32f4xx_hal_rcc_ex.o" -o "Drivers/STM32F4xx_HAL_Driver/Src/stm32f4xx_hal_rcc_ex.o" "../Drivers/STM32F4xx_HAL_Driver/Src/stm32f4xx_hal_rcc_ex.c"
Finished building: ../Drivers/STM32F4xx_HAL_Driver/Src/stm32f4xx_hal_rcc_ex.c
 
Building file: ../Drivers/STM32F4xx_HAL_Driver/Src/stm32f4xx_hal_tim.c
Invoking: MCU GCC Compiler
/home/toby/Documents/softsys/UniversalSerialBros/UniversalSerialBros/UniversalSerialBros/Debug
arm-none-eabi-gcc -mcpu=cortex-m4 -mthumb -mfloat-abi=hard -mfpu=fpv4-sp-d16 '-D__weak=__attribute__((weak))' '-D__packed="__attribute__((__packed__))"' -DUSE_HAL_DRIVER -DSTM32F446xx -I"/home/toby/Documents/softsys/UniversalSerialBros/UniversalSerialBros/UniversalSerialBros/Inc" -I"/home/toby/Documents/softsys/UniversalSerialBros/UniversalSerialBros/UniversalSerialBros/Drivers/STM32F4xx_HAL_Driver/Inc" -I"/home/toby/Documents/softsys/UniversalSerialBros/UniversalSerialBros/UniversalSerialBros/Drivers/STM32F4xx_HAL_Driver/Inc/Legacy" -I"/home/toby/Documents/softsys/UniversalSerialBros/UniversalSerialBros/UniversalSerialBros/Middlewares/ST/STM32_USB_Device_Library/Core/Inc" -I"/home/toby/Documents/softsys/UniversalSerialBros/UniversalSerialBros/UniversalSerialBros/Middlewares/ST/STM32_USB_Device_Library/Class/HID/Inc" -I"/home/toby/Documents/softsys/UniversalSerialBros/UniversalSerialBros/UniversalSerialBros/Drivers/CMSIS/Device/ST/STM32F4xx/Include" -I"/home/toby/Documents/softsys/UniversalSerialBros/UniversalSerialBros/UniversalSerialBros/Drivers/CMSIS/Include"  -Og -g3 -Wall -fmessage-length=0 -ffunction-sections -c -fmessage-length=0 -MMD -MP -MF"Drivers/STM32F4xx_HAL_Driver/Src/stm32f4xx_hal_tim.d" -MT"Drivers/STM32F4xx_HAL_Driver/Src/stm32f4xx_hal_tim.o" -o "Drivers/STM32F4xx_HAL_Driver/Src/stm32f4xx_hal_tim.o" "../Drivers/STM32F4xx_HAL_Driver/Src/stm32f4xx_hal_tim.c"
Finished building: ../Drivers/STM32F4xx_HAL_Driver/Src/stm32f4xx_hal_tim.c
 
Building file: ../Drivers/STM32F4xx_HAL_Driver/Src/stm32f4xx_hal_tim_ex.c
Invoking: MCU GCC Compiler
/home/toby/Documents/softsys/UniversalSerialBros/UniversalSerialBros/UniversalSerialBros/Debug
arm-none-eabi-gcc -mcpu=cortex-m4 -mthumb -mfloat-abi=hard -mfpu=fpv4-sp-d16 '-D__weak=__attribute__((weak))' '-D__packed="__attribute__((__packed__))"' -DUSE_HAL_DRIVER -DSTM32F446xx -I"/home/toby/Documents/softsys/UniversalSerialBros/UniversalSerialBros/UniversalSerialBros/Inc" -I"/home/toby/Documents/softsys/UniversalSerialBros/UniversalSerialBros/UniversalSerialBros/Drivers/STM32F4xx_HAL_Driver/Inc" -I"/home/toby/Documents/softsys/UniversalSerialBros/UniversalSerialBros/UniversalSerialBros/Drivers/STM32F4xx_HAL_Driver/Inc/Legacy" -I"/home/toby/Documents/softsys/UniversalSerialBros/UniversalSerialBros/UniversalSerialBros/Middlewares/ST/STM32_USB_Device_Library/Core/Inc" -I"/home/toby/Documents/softsys/UniversalSerialBros/UniversalSerialBros/UniversalSerialBros/Middlewares/ST/STM32_USB_Device_Library/Class/HID/Inc" -I"/home/toby/Documents/softsys/UniversalSerialBros/UniversalSerialBros/UniversalSerialBros/Drivers/CMSIS/Device/ST/STM32F4xx/Include" -I"/home/toby/Documents/softsys/UniversalSerialBros/UniversalSerialBros/UniversalSerialBros/Drivers/CMSIS/Include"  -Og -g3 -Wall -fmessage-length=0 -ffunction-sections -c -fmessage-length=0 -MMD -MP -MF"Drivers/STM32F4xx_HAL_Driver/Src/stm32f4xx_hal_tim_ex.d" -MT"Drivers/STM32F4xx_HAL_Driver/Src/stm32f4xx_hal_tim_ex.o" -o "Drivers/STM32F4xx_HAL_Driver/Src/stm32f4xx_hal_tim_ex.o" "../Drivers/STM32F4xx_HAL_Driver/Src/stm32f4xx_hal_tim_ex.c"
Finished building: ../Drivers/STM32F4xx_HAL_Driver/Src/stm32f4xx_hal_tim_ex.c
 
Building file: ../Drivers/STM32F4xx_HAL_Driver/Src/stm32f4xx_ll_usb.c
Invoking: MCU GCC Compiler
/home/toby/Documents/softsys/UniversalSerialBros/UniversalSerialBros/UniversalSerialBros/Debug
arm-none-eabi-gcc -mcpu=cortex-m4 -mthumb -mfloat-abi=hard -mfpu=fpv4-sp-d16 '-D__weak=__attribute__((weak))' '-D__packed="__attribute__((__packed__))"' -DUSE_HAL_DRIVER -DSTM32F446xx -I"/home/toby/Documents/softsys/UniversalSerialBros/UniversalSerialBros/UniversalSerialBros/Inc" -I"/home/toby/Documents/softsys/UniversalSerialBros/UniversalSerialBros/UniversalSerialBros/Drivers/STM32F4xx_HAL_Driver/Inc" -I"/home/toby/Documents/softsys/UniversalSerialBros/UniversalSerialBros/UniversalSerialBros/Drivers/STM32F4xx_HAL_Driver/Inc/Legacy" -I"/home/toby/Documents/softsys/UniversalSerialBros/UniversalSerialBros/UniversalSerialBros/Middlewares/ST/STM32_USB_Device_Library/Core/Inc" -I"/home/toby/Documents/softsys/UniversalSerialBros/UniversalSerialBros/UniversalSerialBros/Middlewares/ST/STM32_USB_Device_Library/Class/HID/Inc" -I"/home/toby/Documents/softsys/UniversalSerialBros/UniversalSerialBros/UniversalSerialBros/Drivers/CMSIS/Device/ST/STM32F4xx/Include" -I"/home/toby/Documents/softsys/UniversalSerialBros/UniversalSerialBros/UniversalSerialBros/Drivers/CMSIS/Include"  -Og -g3 -Wall -fmessage-length=0 -ffunction-sections -c -fmessage-length=0 -MMD -MP -MF"Drivers/STM32F4xx_HAL_Driver/Src/stm32f4xx_ll_usb.d" -MT"Drivers/STM32F4xx_HAL_Driver/Src/stm32f4xx_ll_usb.o" -o "Drivers/STM32F4xx_HAL_Driver/Src/stm32f4xx_ll_usb.o" "../Drivers/STM32F4xx_HAL_Driver/Src/stm32f4xx_ll_usb.c"
Finished building: ../Drivers/STM32F4xx_HAL_Driver/Src/stm32f4xx_ll_usb.c
 
Building target: UniversalSerialBros.elf
Invoking: MCU GCC Linker
arm-none-eabi-gcc -mcpu=cortex-m4 -mthumb -mfloat-abi=hard -mfpu=fpv4-sp-d16 -specs=nosys.specs -specs=nano.specs -T"../STM32F446ZEHx_FLASH.ld" -Wl,-Map=output.map -Wl,--gc-sections -o "UniversalSerialBros.elf" @"objects.list"   -lm
Finished building target: UniversalSerialBros.elf
 
make --no-print-directory post-build
Generating binary and Printing size information:
arm-none-eabi-objcopy -O binary "UniversalSerialBros.elf" "UniversalSerialBros.bin"
arm-none-eabi-size "UniversalSerialBros.elf"
   text	   data	    bss	    dec	    hex	filename
  14184	    380	   3668	  18232	   4738	UniversalSerialBros.elf
 
09:53:57 **** Incremental Build of configuration Debug for project UniversalSerialBros ****
make all 
make: Nothing to be done for 'all'.
09:56:00 **** Incremental Build of configuration Debug for project UniversalSerialBros ****
make all 
make: Nothing to be done for 'all'.
09:56:01 **** Incremental Build of configuration Debug for project UniversalSerialBros ****
make all 
make: Nothing to be done for 'all'.
09:57:36 **** Incremental Build of configuration Debug for project UniversalSerialBros ****
make all 
make: Nothing to be done for 'all'.
10:24:27 **** Incremental Build of configuration Debug for project UniversalSerialBros ****
make all 
make: Nothing to be done for 'all'.
10:49:32 **** Incremental Build of configuration Debug for project UniversalSerialBros ****
make all 
Building file: ../startup/startup_stm32f446xx.s
Invoking: MCU GCC Assembler
/home/toby/Documents/softsys/UniversalSerialBros/UniversalSerialBros/UniversalSerialBros/Debug
arm-none-eabi-as -mcpu=cortex-m4 -mthumb -mfloat-abi=hard -mfpu=fpv4-sp-d16 -g -o "startup/startup_stm32f446xx.o" "../startup/startup_stm32f446xx.s"
Finished building: ../startup/startup_stm32f446xx.s
 
Building file: ../Src/main.c
Invoking: MCU GCC Compiler
/home/toby/Documents/softsys/UniversalSerialBros/UniversalSerialBros/UniversalSerialBros/Debug
arm-none-eabi-gcc -mcpu=cortex-m4 -mthumb -mfloat-abi=hard -mfpu=fpv4-sp-d16 '-D__weak=__attribute__((weak))' '-D__packed="__attribute__((__packed__))"' -DUSE_HAL_DRIVER -DSTM32F446xx -I"/home/toby/Documents/softsys/UniversalSerialBros/UniversalSerialBros/UniversalSerialBros/Inc" -I"/home/toby/Documents/softsys/UniversalSerialBros/UniversalSerialBros/UniversalSerialBros/Drivers/STM32F4xx_HAL_Driver/Inc" -I"/home/toby/Documents/softsys/UniversalSerialBros/UniversalSerialBros/UniversalSerialBros/Drivers/STM32F4xx_HAL_Driver/Inc/Legacy" -I"/home/toby/Documents/softsys/UniversalSerialBros/UniversalSerialBros/UniversalSerialBros/Middlewares/ST/STM32_USB_Device_Library/Core/Inc" -I"/home/toby/Documents/softsys/UniversalSerialBros/UniversalSerialBros/UniversalSerialBros/Middlewares/ST/STM32_USB_Device_Library/Class/HID/Inc" -I"/home/toby/Documents/softsys/UniversalSerialBros/UniversalSerialBros/UniversalSerialBros/Drivers/CMSIS/Device/ST/STM32F4xx/Include" -I"/home/toby/Documents/softsys/UniversalSerialBros/UniversalSerialBros/UniversalSerialBros/Drivers/CMSIS/Include"  -Og -g3 -Wall -fmessage-length=0 -ffunction-sections -c -fmessage-length=0 -MMD -MP -MF"Src/main.d" -MT"Src/main.o" -o "Src/main.o" "../Src/main.c"
Finished building: ../Src/main.c
 
Building file: ../Src/stm32f4xx_hal_msp.c
Invoking: MCU GCC Compiler
/home/toby/Documents/softsys/UniversalSerialBros/UniversalSerialBros/UniversalSerialBros/Debug
arm-none-eabi-gcc -mcpu=cortex-m4 -mthumb -mfloat-abi=hard -mfpu=fpv4-sp-d16 '-D__weak=__attribute__((weak))' '-D__packed="__attribute__((__packed__))"' -DUSE_HAL_DRIVER -DSTM32F446xx -I"/home/toby/Documents/softsys/UniversalSerialBros/UniversalSerialBros/UniversalSerialBros/Inc" -I"/home/toby/Documents/softsys/UniversalSerialBros/UniversalSerialBros/UniversalSerialBros/Drivers/STM32F4xx_HAL_Driver/Inc" -I"/home/toby/Documents/softsys/UniversalSerialBros/UniversalSerialBros/UniversalSerialBros/Drivers/STM32F4xx_HAL_Driver/Inc/Legacy" -I"/home/toby/Documents/softsys/UniversalSerialBros/UniversalSerialBros/UniversalSerialBros/Middlewares/ST/STM32_USB_Device_Library/Core/Inc" -I"/home/toby/Documents/softsys/UniversalSerialBros/UniversalSerialBros/UniversalSerialBros/Middlewares/ST/STM32_USB_Device_Library/Class/HID/Inc" -I"/home/toby/Documents/softsys/UniversalSerialBros/UniversalSerialBros/UniversalSerialBros/Drivers/CMSIS/Device/ST/STM32F4xx/Include" -I"/home/toby/Documents/softsys/UniversalSerialBros/UniversalSerialBros/UniversalSerialBros/Drivers/CMSIS/Include"  -Og -g3 -Wall -fmessage-length=0 -ffunction-sections -c -fmessage-length=0 -MMD -MP -MF"Src/stm32f4xx_hal_msp.d" -MT"Src/stm32f4xx_hal_msp.o" -o "Src/stm32f4xx_hal_msp.o" "../Src/stm32f4xx_hal_msp.c"
Finished building: ../Src/stm32f4xx_hal_msp.c
 
Building file: ../Src/stm32f4xx_it.c
Invoking: MCU GCC Compiler
/home/toby/Documents/softsys/UniversalSerialBros/UniversalSerialBros/UniversalSerialBros/Debug
arm-none-eabi-gcc -mcpu=cortex-m4 -mthumb -mfloat-abi=hard -mfpu=fpv4-sp-d16 '-D__weak=__attribute__((weak))' '-D__packed="__attribute__((__packed__))"' -DUSE_HAL_DRIVER -DSTM32F446xx -I"/home/toby/Documents/softsys/UniversalSerialBros/UniversalSerialBros/UniversalSerialBros/Inc" -I"/home/toby/Documents/softsys/UniversalSerialBros/UniversalSerialBros/UniversalSerialBros/Drivers/STM32F4xx_HAL_Driver/Inc" -I"/home/toby/Documents/softsys/UniversalSerialBros/UniversalSerialBros/UniversalSerialBros/Drivers/STM32F4xx_HAL_Driver/Inc/Legacy" -I"/home/toby/Documents/softsys/UniversalSerialBros/UniversalSerialBros/UniversalSerialBros/Middlewares/ST/STM32_USB_Device_Library/Core/Inc" -I"/home/toby/Documents/softsys/UniversalSerialBros/UniversalSerialBros/UniversalSerialBros/Middlewares/ST/STM32_USB_Device_Library/Class/HID/Inc" -I"/home/toby/Documents/softsys/UniversalSerialBros/UniversalSerialBros/UniversalSerialBros/Drivers/CMSIS/Device/ST/STM32F4xx/Include" -I"/home/toby/Documents/softsys/UniversalSerialBros/UniversalSerialBros/UniversalSerialBros/Drivers/CMSIS/Include"  -Og -g3 -Wall -fmessage-length=0 -ffunction-sections -c -fmessage-length=0 -MMD -MP -MF"Src/stm32f4xx_it.d" -MT"Src/stm32f4xx_it.o" -o "Src/stm32f4xx_it.o" "../Src/stm32f4xx_it.c"
Finished building: ../Src/stm32f4xx_it.c
 
Building file: ../Src/system_stm32f4xx.c
Invoking: MCU GCC Compiler
/home/toby/Documents/softsys/UniversalSerialBros/UniversalSerialBros/UniversalSerialBros/Debug
arm-none-eabi-gcc -mcpu=cortex-m4 -mthumb -mfloat-abi=hard -mfpu=fpv4-sp-d16 '-D__weak=__attribute__((weak))' '-D__packed="__attribute__((__packed__))"' -DUSE_HAL_DRIVER -DSTM32F446xx -I"/home/toby/Documents/softsys/UniversalSerialBros/UniversalSerialBros/UniversalSerialBros/Inc" -I"/home/toby/Documents/softsys/UniversalSerialBros/UniversalSerialBros/UniversalSerialBros/Drivers/STM32F4xx_HAL_Driver/Inc" -I"/home/toby/Documents/softsys/UniversalSerialBros/UniversalSerialBros/UniversalSerialBros/Drivers/STM32F4xx_HAL_Driver/Inc/Legacy" -I"/home/toby/Documents/softsys/UniversalSerialBros/UniversalSerialBros/UniversalSerialBros/Middlewares/ST/STM32_USB_Device_Library/Core/Inc" -I"/home/toby/Documents/softsys/UniversalSerialBros/UniversalSerialBros/UniversalSerialBros/Middlewares/ST/STM32_USB_Device_Library/Class/HID/Inc" -I"/home/toby/Documents/softsys/UniversalSerialBros/UniversalSerialBros/UniversalSerialBros/Drivers/CMSIS/Device/ST/STM32F4xx/Include" -I"/home/toby/Documents/softsys/UniversalSerialBros/UniversalSerialBros/UniversalSerialBros/Drivers/CMSIS/Include"  -Og -g3 -Wall -fmessage-length=0 -ffunction-sections -c -fmessage-length=0 -MMD -MP -MF"Src/system_stm32f4xx.d" -MT"Src/system_stm32f4xx.o" -o "Src/system_stm32f4xx.o" "../Src/system_stm32f4xx.c"
Finished building: ../Src/system_stm32f4xx.c
 
Building file: ../Src/usb_device.c
Invoking: MCU GCC Compiler
/home/toby/Documents/softsys/UniversalSerialBros/UniversalSerialBros/UniversalSerialBros/Debug
arm-none-eabi-gcc -mcpu=cortex-m4 -mthumb -mfloat-abi=hard -mfpu=fpv4-sp-d16 '-D__weak=__attribute__((weak))' '-D__packed="__attribute__((__packed__))"' -DUSE_HAL_DRIVER -DSTM32F446xx -I"/home/toby/Documents/softsys/UniversalSerialBros/UniversalSerialBros/UniversalSerialBros/Inc" -I"/home/toby/Documents/softsys/UniversalSerialBros/UniversalSerialBros/UniversalSerialBros/Drivers/STM32F4xx_HAL_Driver/Inc" -I"/home/toby/Documents/softsys/UniversalSerialBros/UniversalSerialBros/UniversalSerialBros/Drivers/STM32F4xx_HAL_Driver/Inc/Legacy" -I"/home/toby/Documents/softsys/UniversalSerialBros/UniversalSerialBros/UniversalSerialBros/Middlewares/ST/STM32_USB_Device_Library/Core/Inc" -I"/home/toby/Documents/softsys/UniversalSerialBros/UniversalSerialBros/UniversalSerialBros/Middlewares/ST/STM32_USB_Device_Library/Class/HID/Inc" -I"/home/toby/Documents/softsys/UniversalSerialBros/UniversalSerialBros/UniversalSerialBros/Drivers/CMSIS/Device/ST/STM32F4xx/Include" -I"/home/toby/Documents/softsys/UniversalSerialBros/UniversalSerialBros/UniversalSerialBros/Drivers/CMSIS/Include"  -Og -g3 -Wall -fmessage-length=0 -ffunction-sections -c -fmessage-length=0 -MMD -MP -MF"Src/usb_device.d" -MT"Src/usb_device.o" -o "Src/usb_device.o" "../Src/usb_device.c"
Finished building: ../Src/usb_device.c
 
Building file: ../Src/usbd_conf.c
Invoking: MCU GCC Compiler
/home/toby/Documents/softsys/UniversalSerialBros/UniversalSerialBros/UniversalSerialBros/Debug
arm-none-eabi-gcc -mcpu=cortex-m4 -mthumb -mfloat-abi=hard -mfpu=fpv4-sp-d16 '-D__weak=__attribute__((weak))' '-D__packed="__attribute__((__packed__))"' -DUSE_HAL_DRIVER -DSTM32F446xx -I"/home/toby/Documents/softsys/UniversalSerialBros/UniversalSerialBros/UniversalSerialBros/Inc" -I"/home/toby/Documents/softsys/UniversalSerialBros/UniversalSerialBros/UniversalSerialBros/Drivers/STM32F4xx_HAL_Driver/Inc" -I"/home/toby/Documents/softsys/UniversalSerialBros/UniversalSerialBros/UniversalSerialBros/Drivers/STM32F4xx_HAL_Driver/Inc/Legacy" -I"/home/toby/Documents/softsys/UniversalSerialBros/UniversalSerialBros/UniversalSerialBros/Middlewares/ST/STM32_USB_Device_Library/Core/Inc" -I"/home/toby/Documents/softsys/UniversalSerialBros/UniversalSerialBros/UniversalSerialBros/Middlewares/ST/STM32_USB_Device_Library/Class/HID/Inc" -I"/home/toby/Documents/softsys/UniversalSerialBros/UniversalSerialBros/UniversalSerialBros/Drivers/CMSIS/Device/ST/STM32F4xx/Include" -I"/home/toby/Documents/softsys/UniversalSerialBros/UniversalSerialBros/UniversalSerialBros/Drivers/CMSIS/Include"  -Og -g3 -Wall -fmessage-length=0 -ffunction-sections -c -fmessage-length=0 -MMD -MP -MF"Src/usbd_conf.d" -MT"Src/usbd_conf.o" -o "Src/usbd_conf.o" "../Src/usbd_conf.c"
Finished building: ../Src/usbd_conf.c
 
Building file: ../Src/usbd_desc.c
Invoking: MCU GCC Compiler
/home/toby/Documents/softsys/UniversalSerialBros/UniversalSerialBros/UniversalSerialBros/Debug
arm-none-eabi-gcc -mcpu=cortex-m4 -mthumb -mfloat-abi=hard -mfpu=fpv4-sp-d16 '-D__weak=__attribute__((weak))' '-D__packed="__attribute__((__packed__))"' -DUSE_HAL_DRIVER -DSTM32F446xx -I"/home/toby/Documents/softsys/UniversalSerialBros/UniversalSerialBros/UniversalSerialBros/Inc" -I"/home/toby/Documents/softsys/UniversalSerialBros/UniversalSerialBros/UniversalSerialBros/Drivers/STM32F4xx_HAL_Driver/Inc" -I"/home/toby/Documents/softsys/UniversalSerialBros/UniversalSerialBros/UniversalSerialBros/Drivers/STM32F4xx_HAL_Driver/Inc/Legacy" -I"/home/toby/Documents/softsys/UniversalSerialBros/UniversalSerialBros/UniversalSerialBros/Middlewares/ST/STM32_USB_Device_Library/Core/Inc" -I"/home/toby/Documents/softsys/UniversalSerialBros/UniversalSerialBros/UniversalSerialBros/Middlewares/ST/STM32_USB_Device_Library/Class/HID/Inc" -I"/home/toby/Documents/softsys/UniversalSerialBros/UniversalSerialBros/UniversalSerialBros/Drivers/CMSIS/Device/ST/STM32F4xx/Include" -I"/home/toby/Documents/softsys/UniversalSerialBros/UniversalSerialBros/UniversalSerialBros/Drivers/CMSIS/Include"  -Og -g3 -Wall -fmessage-length=0 -ffunction-sections -c -fmessage-length=0 -MMD -MP -MF"Src/usbd_desc.d" -MT"Src/usbd_desc.o" -o "Src/usbd_desc.o" "../Src/usbd_desc.c"
Finished building: ../Src/usbd_desc.c
 
Building file: ../Middlewares/ST/STM32_USB_Device_Library/Core/Src/usbd_core.c
Invoking: MCU GCC Compiler
/home/toby/Documents/softsys/UniversalSerialBros/UniversalSerialBros/UniversalSerialBros/Debug
arm-none-eabi-gcc -mcpu=cortex-m4 -mthumb -mfloat-abi=hard -mfpu=fpv4-sp-d16 '-D__weak=__attribute__((weak))' '-D__packed="__attribute__((__packed__))"' -DUSE_HAL_DRIVER -DSTM32F446xx -I"/home/toby/Documents/softsys/UniversalSerialBros/UniversalSerialBros/UniversalSerialBros/Inc" -I"/home/toby/Documents/softsys/UniversalSerialBros/UniversalSerialBros/UniversalSerialBros/Drivers/STM32F4xx_HAL_Driver/Inc" -I"/home/toby/Documents/softsys/UniversalSerialBros/UniversalSerialBros/UniversalSerialBros/Drivers/STM32F4xx_HAL_Driver/Inc/Legacy" -I"/home/toby/Documents/softsys/UniversalSerialBros/UniversalSerialBros/UniversalSerialBros/Middlewares/ST/STM32_USB_Device_Library/Core/Inc" -I"/home/toby/Documents/softsys/UniversalSerialBros/UniversalSerialBros/UniversalSerialBros/Middlewares/ST/STM32_USB_Device_Library/Class/HID/Inc" -I"/home/toby/Documents/softsys/UniversalSerialBros/UniversalSerialBros/UniversalSerialBros/Drivers/CMSIS/Device/ST/STM32F4xx/Include" -I"/home/toby/Documents/softsys/UniversalSerialBros/UniversalSerialBros/UniversalSerialBros/Drivers/CMSIS/Include"  -Og -g3 -Wall -fmessage-length=0 -ffunction-sections -c -fmessage-length=0 -MMD -MP -MF"Middlewares/ST/STM32_USB_Device_Library/Core/Src/usbd_core.d" -MT"Middlewares/ST/STM32_USB_Device_Library/Core/Src/usbd_core.o" -o "Middlewares/ST/STM32_USB_Device_Library/Core/Src/usbd_core.o" "../Middlewares/ST/STM32_USB_Device_Library/Core/Src/usbd_core.c"
Finished building: ../Middlewares/ST/STM32_USB_Device_Library/Core/Src/usbd_core.c
 
Building file: ../Middlewares/ST/STM32_USB_Device_Library/Core/Src/usbd_ctlreq.c
Invoking: MCU GCC Compiler
/home/toby/Documents/softsys/UniversalSerialBros/UniversalSerialBros/UniversalSerialBros/Debug
arm-none-eabi-gcc -mcpu=cortex-m4 -mthumb -mfloat-abi=hard -mfpu=fpv4-sp-d16 '-D__weak=__attribute__((weak))' '-D__packed="__attribute__((__packed__))"' -DUSE_HAL_DRIVER -DSTM32F446xx -I"/home/toby/Documents/softsys/UniversalSerialBros/UniversalSerialBros/UniversalSerialBros/Inc" -I"/home/toby/Documents/softsys/UniversalSerialBros/UniversalSerialBros/UniversalSerialBros/Drivers/STM32F4xx_HAL_Driver/Inc" -I"/home/toby/Documents/softsys/UniversalSerialBros/UniversalSerialBros/UniversalSerialBros/Drivers/STM32F4xx_HAL_Driver/Inc/Legacy" -I"/home/toby/Documents/softsys/UniversalSerialBros/UniversalSerialBros/UniversalSerialBros/Middlewares/ST/STM32_USB_Device_Library/Core/Inc" -I"/home/toby/Documents/softsys/UniversalSerialBros/UniversalSerialBros/UniversalSerialBros/Middlewares/ST/STM32_USB_Device_Library/Class/HID/Inc" -I"/home/toby/Documents/softsys/UniversalSerialBros/UniversalSerialBros/UniversalSerialBros/Drivers/CMSIS/Device/ST/STM32F4xx/Include" -I"/home/toby/Documents/softsys/UniversalSerialBros/UniversalSerialBros/UniversalSerialBros/Drivers/CMSIS/Include"  -Og -g3 -Wall -fmessage-length=0 -ffunction-sections -c -fmessage-length=0 -MMD -MP -MF"Middlewares/ST/STM32_USB_Device_Library/Core/Src/usbd_ctlreq.d" -MT"Middlewares/ST/STM32_USB_Device_Library/Core/Src/usbd_ctlreq.o" -o "Middlewares/ST/STM32_USB_Device_Library/Core/Src/usbd_ctlreq.o" "../Middlewares/ST/STM32_USB_Device_Library/Core/Src/usbd_ctlreq.c"
Finished building: ../Middlewares/ST/STM32_USB_Device_Library/Core/Src/usbd_ctlreq.c
 
Building file: ../Middlewares/ST/STM32_USB_Device_Library/Core/Src/usbd_ioreq.c
Invoking: MCU GCC Compiler
/home/toby/Documents/softsys/UniversalSerialBros/UniversalSerialBros/UniversalSerialBros/Debug
arm-none-eabi-gcc -mcpu=cortex-m4 -mthumb -mfloat-abi=hard -mfpu=fpv4-sp-d16 '-D__weak=__attribute__((weak))' '-D__packed="__attribute__((__packed__))"' -DUSE_HAL_DRIVER -DSTM32F446xx -I"/home/toby/Documents/softsys/UniversalSerialBros/UniversalSerialBros/UniversalSerialBros/Inc" -I"/home/toby/Documents/softsys/UniversalSerialBros/UniversalSerialBros/UniversalSerialBros/Drivers/STM32F4xx_HAL_Driver/Inc" -I"/home/toby/Documents/softsys/UniversalSerialBros/UniversalSerialBros/UniversalSerialBros/Drivers/STM32F4xx_HAL_Driver/Inc/Legacy" -I"/home/toby/Documents/softsys/UniversalSerialBros/UniversalSerialBros/UniversalSerialBros/Middlewares/ST/STM32_USB_Device_Library/Core/Inc" -I"/home/toby/Documents/softsys/UniversalSerialBros/UniversalSerialBros/UniversalSerialBros/Middlewares/ST/STM32_USB_Device_Library/Class/HID/Inc" -I"/home/toby/Documents/softsys/UniversalSerialBros/UniversalSerialBros/UniversalSerialBros/Drivers/CMSIS/Device/ST/STM32F4xx/Include" -I"/home/toby/Documents/softsys/UniversalSerialBros/UniversalSerialBros/UniversalSerialBros/Drivers/CMSIS/Include"  -Og -g3 -Wall -fmessage-length=0 -ffunction-sections -c -fmessage-length=0 -MMD -MP -MF"Middlewares/ST/STM32_USB_Device_Library/Core/Src/usbd_ioreq.d" -MT"Middlewares/ST/STM32_USB_Device_Library/Core/Src/usbd_ioreq.o" -o "Middlewares/ST/STM32_USB_Device_Library/Core/Src/usbd_ioreq.o" "../Middlewares/ST/STM32_USB_Device_Library/Core/Src/usbd_ioreq.c"
Finished building: ../Middlewares/ST/STM32_USB_Device_Library/Core/Src/usbd_ioreq.c
 
Building file: ../Middlewares/ST/STM32_USB_Device_Library/Class/HID/Src/usbd_hid.c
Invoking: MCU GCC Compiler
/home/toby/Documents/softsys/UniversalSerialBros/UniversalSerialBros/UniversalSerialBros/Debug
arm-none-eabi-gcc -mcpu=cortex-m4 -mthumb -mfloat-abi=hard -mfpu=fpv4-sp-d16 '-D__weak=__attribute__((weak))' '-D__packed="__attribute__((__packed__))"' -DUSE_HAL_DRIVER -DSTM32F446xx -I"/home/toby/Documents/softsys/UniversalSerialBros/UniversalSerialBros/UniversalSerialBros/Inc" -I"/home/toby/Documents/softsys/UniversalSerialBros/UniversalSerialBros/UniversalSerialBros/Drivers/STM32F4xx_HAL_Driver/Inc" -I"/home/toby/Documents/softsys/UniversalSerialBros/UniversalSerialBros/UniversalSerialBros/Drivers/STM32F4xx_HAL_Driver/Inc/Legacy" -I"/home/toby/Documents/softsys/UniversalSerialBros/UniversalSerialBros/UniversalSerialBros/Middlewares/ST/STM32_USB_Device_Library/Core/Inc" -I"/home/toby/Documents/softsys/UniversalSerialBros/UniversalSerialBros/UniversalSerialBros/Middlewares/ST/STM32_USB_Device_Library/Class/HID/Inc" -I"/home/toby/Documents/softsys/UniversalSerialBros/UniversalSerialBros/UniversalSerialBros/Drivers/CMSIS/Device/ST/STM32F4xx/Include" -I"/home/toby/Documents/softsys/UniversalSerialBros/UniversalSerialBros/UniversalSerialBros/Drivers/CMSIS/Include"  -Og -g3 -Wall -fmessage-length=0 -ffunction-sections -c -fmessage-length=0 -MMD -MP -MF"Middlewares/ST/STM32_USB_Device_Library/Class/HID/Src/usbd_hid.d" -MT"Middlewares/ST/STM32_USB_Device_Library/Class/HID/Src/usbd_hid.o" -o "Middlewares/ST/STM32_USB_Device_Library/Class/HID/Src/usbd_hid.o" "../Middlewares/ST/STM32_USB_Device_Library/Class/HID/Src/usbd_hid.c"
Finished building: ../Middlewares/ST/STM32_USB_Device_Library/Class/HID/Src/usbd_hid.c
 
Building file: ../Drivers/STM32F4xx_HAL_Driver/Src/stm32f4xx_hal.c
Invoking: MCU GCC Compiler
/home/toby/Documents/softsys/UniversalSerialBros/UniversalSerialBros/UniversalSerialBros/Debug
arm-none-eabi-gcc -mcpu=cortex-m4 -mthumb -mfloat-abi=hard -mfpu=fpv4-sp-d16 '-D__weak=__attribute__((weak))' '-D__packed="__attribute__((__packed__))"' -DUSE_HAL_DRIVER -DSTM32F446xx -I"/home/toby/Documents/softsys/UniversalSerialBros/UniversalSerialBros/UniversalSerialBros/Inc" -I"/home/toby/Documents/softsys/UniversalSerialBros/UniversalSerialBros/UniversalSerialBros/Drivers/STM32F4xx_HAL_Driver/Inc" -I"/home/toby/Documents/softsys/UniversalSerialBros/UniversalSerialBros/UniversalSerialBros/Drivers/STM32F4xx_HAL_Driver/Inc/Legacy" -I"/home/toby/Documents/softsys/UniversalSerialBros/UniversalSerialBros/UniversalSerialBros/Middlewares/ST/STM32_USB_Device_Library/Core/Inc" -I"/home/toby/Documents/softsys/UniversalSerialBros/UniversalSerialBros/UniversalSerialBros/Middlewares/ST/STM32_USB_Device_Library/Class/HID/Inc" -I"/home/toby/Documents/softsys/UniversalSerialBros/UniversalSerialBros/UniversalSerialBros/Drivers/CMSIS/Device/ST/STM32F4xx/Include" -I"/home/toby/Documents/softsys/UniversalSerialBros/UniversalSerialBros/UniversalSerialBros/Drivers/CMSIS/Include"  -Og -g3 -Wall -fmessage-length=0 -ffunction-sections -c -fmessage-length=0 -MMD -MP -MF"Drivers/STM32F4xx_HAL_Driver/Src/stm32f4xx_hal.d" -MT"Drivers/STM32F4xx_HAL_Driver/Src/stm32f4xx_hal.o" -o "Drivers/STM32F4xx_HAL_Driver/Src/stm32f4xx_hal.o" "../Drivers/STM32F4xx_HAL_Driver/Src/stm32f4xx_hal.c"
Finished building: ../Drivers/STM32F4xx_HAL_Driver/Src/stm32f4xx_hal.c
 
Building file: ../Drivers/STM32F4xx_HAL_Driver/Src/stm32f4xx_hal_cortex.c
Invoking: MCU GCC Compiler
/home/toby/Documents/softsys/UniversalSerialBros/UniversalSerialBros/UniversalSerialBros/Debug
arm-none-eabi-gcc -mcpu=cortex-m4 -mthumb -mfloat-abi=hard -mfpu=fpv4-sp-d16 '-D__weak=__attribute__((weak))' '-D__packed="__attribute__((__packed__))"' -DUSE_HAL_DRIVER -DSTM32F446xx -I"/home/toby/Documents/softsys/UniversalSerialBros/UniversalSerialBros/UniversalSerialBros/Inc" -I"/home/toby/Documents/softsys/UniversalSerialBros/UniversalSerialBros/UniversalSerialBros/Drivers/STM32F4xx_HAL_Driver/Inc" -I"/home/toby/Documents/softsys/UniversalSerialBros/UniversalSerialBros/UniversalSerialBros/Drivers/STM32F4xx_HAL_Driver/Inc/Legacy" -I"/home/toby/Documents/softsys/UniversalSerialBros/UniversalSerialBros/UniversalSerialBros/Middlewares/ST/STM32_USB_Device_Library/Core/Inc" -I"/home/toby/Documents/softsys/UniversalSerialBros/UniversalSerialBros/UniversalSerialBros/Middlewares/ST/STM32_USB_Device_Library/Class/HID/Inc" -I"/home/toby/Documents/softsys/UniversalSerialBros/UniversalSerialBros/UniversalSerialBros/Drivers/CMSIS/Device/ST/STM32F4xx/Include" -I"/home/toby/Documents/softsys/UniversalSerialBros/UniversalSerialBros/UniversalSerialBros/Drivers/CMSIS/Include"  -Og -g3 -Wall -fmessage-length=0 -ffunction-sections -c -fmessage-length=0 -MMD -MP -MF"Drivers/STM32F4xx_HAL_Driver/Src/stm32f4xx_hal_cortex.d" -MT"Drivers/STM32F4xx_HAL_Driver/Src/stm32f4xx_hal_cortex.o" -o "Drivers/STM32F4xx_HAL_Driver/Src/stm32f4xx_hal_cortex.o" "../Drivers/STM32F4xx_HAL_Driver/Src/stm32f4xx_hal_cortex.c"
Finished building: ../Drivers/STM32F4xx_HAL_Driver/Src/stm32f4xx_hal_cortex.c
 
Building file: ../Drivers/STM32F4xx_HAL_Driver/Src/stm32f4xx_hal_dma.c
Invoking: MCU GCC Compiler
/home/toby/Documents/softsys/UniversalSerialBros/UniversalSerialBros/UniversalSerialBros/Debug
arm-none-eabi-gcc -mcpu=cortex-m4 -mthumb -mfloat-abi=hard -mfpu=fpv4-sp-d16 '-D__weak=__attribute__((weak))' '-D__packed="__attribute__((__packed__))"' -DUSE_HAL_DRIVER -DSTM32F446xx -I"/home/toby/Documents/softsys/UniversalSerialBros/UniversalSerialBros/UniversalSerialBros/Inc" -I"/home/toby/Documents/softsys/UniversalSerialBros/UniversalSerialBros/UniversalSerialBros/Drivers/STM32F4xx_HAL_Driver/Inc" -I"/home/toby/Documents/softsys/UniversalSerialBros/UniversalSerialBros/UniversalSerialBros/Drivers/STM32F4xx_HAL_Driver/Inc/Legacy" -I"/home/toby/Documents/softsys/UniversalSerialBros/UniversalSerialBros/UniversalSerialBros/Middlewares/ST/STM32_USB_Device_Library/Core/Inc" -I"/home/toby/Documents/softsys/UniversalSerialBros/UniversalSerialBros/UniversalSerialBros/Middlewares/ST/STM32_USB_Device_Library/Class/HID/Inc" -I"/home/toby/Documents/softsys/UniversalSerialBros/UniversalSerialBros/UniversalSerialBros/Drivers/CMSIS/Device/ST/STM32F4xx/Include" -I"/home/toby/Documents/softsys/UniversalSerialBros/UniversalSerialBros/UniversalSerialBros/Drivers/CMSIS/Include"  -Og -g3 -Wall -fmessage-length=0 -ffunction-sections -c -fmessage-length=0 -MMD -MP -MF"Drivers/STM32F4xx_HAL_Driver/Src/stm32f4xx_hal_dma.d" -MT"Drivers/STM32F4xx_HAL_Driver/Src/stm32f4xx_hal_dma.o" -o "Drivers/STM32F4xx_HAL_Driver/Src/stm32f4xx_hal_dma.o" "../Drivers/STM32F4xx_HAL_Driver/Src/stm32f4xx_hal_dma.c"
Finished building: ../Drivers/STM32F4xx_HAL_Driver/Src/stm32f4xx_hal_dma.c
 
Building file: ../Drivers/STM32F4xx_HAL_Driver/Src/stm32f4xx_hal_dma_ex.c
Invoking: MCU GCC Compiler
/home/toby/Documents/softsys/UniversalSerialBros/UniversalSerialBros/UniversalSerialBros/Debug
arm-none-eabi-gcc -mcpu=cortex-m4 -mthumb -mfloat-abi=hard -mfpu=fpv4-sp-d16 '-D__weak=__attribute__((weak))' '-D__packed="__attribute__((__packed__))"' -DUSE_HAL_DRIVER -DSTM32F446xx -I"/home/toby/Documents/softsys/UniversalSerialBros/UniversalSerialBros/UniversalSerialBros/Inc" -I"/home/toby/Documents/softsys/UniversalSerialBros/UniversalSerialBros/UniversalSerialBros/Drivers/STM32F4xx_HAL_Driver/Inc" -I"/home/toby/Documents/softsys/UniversalSerialBros/UniversalSerialBros/UniversalSerialBros/Drivers/STM32F4xx_HAL_Driver/Inc/Legacy" -I"/home/toby/Documents/softsys/UniversalSerialBros/UniversalSerialBros/UniversalSerialBros/Middlewares/ST/STM32_USB_Device_Library/Core/Inc" -I"/home/toby/Documents/softsys/UniversalSerialBros/UniversalSerialBros/UniversalSerialBros/Middlewares/ST/STM32_USB_Device_Library/Class/HID/Inc" -I"/home/toby/Documents/softsys/UniversalSerialBros/UniversalSerialBros/UniversalSerialBros/Drivers/CMSIS/Device/ST/STM32F4xx/Include" -I"/home/toby/Documents/softsys/UniversalSerialBros/UniversalSerialBros/UniversalSerialBros/Drivers/CMSIS/Include"  -Og -g3 -Wall -fmessage-length=0 -ffunction-sections -c -fmessage-length=0 -MMD -MP -MF"Drivers/STM32F4xx_HAL_Driver/Src/stm32f4xx_hal_dma_ex.d" -MT"Drivers/STM32F4xx_HAL_Driver/Src/stm32f4xx_hal_dma_ex.o" -o "Drivers/STM32F4xx_HAL_Driver/Src/stm32f4xx_hal_dma_ex.o" "../Drivers/STM32F4xx_HAL_Driver/Src/stm32f4xx_hal_dma_ex.c"
Finished building: ../Drivers/STM32F4xx_HAL_Driver/Src/stm32f4xx_hal_dma_ex.c
 
Building file: ../Drivers/STM32F4xx_HAL_Driver/Src/stm32f4xx_hal_flash.c
Invoking: MCU GCC Compiler
/home/toby/Documents/softsys/UniversalSerialBros/UniversalSerialBros/UniversalSerialBros/Debug
arm-none-eabi-gcc -mcpu=cortex-m4 -mthumb -mfloat-abi=hard -mfpu=fpv4-sp-d16 '-D__weak=__attribute__((weak))' '-D__packed="__attribute__((__packed__))"' -DUSE_HAL_DRIVER -DSTM32F446xx -I"/home/toby/Documents/softsys/UniversalSerialBros/UniversalSerialBros/UniversalSerialBros/Inc" -I"/home/toby/Documents/softsys/UniversalSerialBros/UniversalSerialBros/UniversalSerialBros/Drivers/STM32F4xx_HAL_Driver/Inc" -I"/home/toby/Documents/softsys/UniversalSerialBros/UniversalSerialBros/UniversalSerialBros/Drivers/STM32F4xx_HAL_Driver/Inc/Legacy" -I"/home/toby/Documents/softsys/UniversalSerialBros/UniversalSerialBros/UniversalSerialBros/Middlewares/ST/STM32_USB_Device_Library/Core/Inc" -I"/home/toby/Documents/softsys/UniversalSerialBros/UniversalSerialBros/UniversalSerialBros/Middlewares/ST/STM32_USB_Device_Library/Class/HID/Inc" -I"/home/toby/Documents/softsys/UniversalSerialBros/UniversalSerialBros/UniversalSerialBros/Drivers/CMSIS/Device/ST/STM32F4xx/Include" -I"/home/toby/Documents/softsys/UniversalSerialBros/UniversalSerialBros/UniversalSerialBros/Drivers/CMSIS/Include"  -Og -g3 -Wall -fmessage-length=0 -ffunction-sections -c -fmessage-length=0 -MMD -MP -MF"Drivers/STM32F4xx_HAL_Driver/Src/stm32f4xx_hal_flash.d" -MT"Drivers/STM32F4xx_HAL_Driver/Src/stm32f4xx_hal_flash.o" -o "Drivers/STM32F4xx_HAL_Driver/Src/stm32f4xx_hal_flash.o" "../Drivers/STM32F4xx_HAL_Driver/Src/stm32f4xx_hal_flash.c"
Finished building: ../Drivers/STM32F4xx_HAL_Driver/Src/stm32f4xx_hal_flash.c
 
Building file: ../Drivers/STM32F4xx_HAL_Driver/Src/stm32f4xx_hal_flash_ex.c
Invoking: MCU GCC Compiler
/home/toby/Documents/softsys/UniversalSerialBros/UniversalSerialBros/UniversalSerialBros/Debug
arm-none-eabi-gcc -mcpu=cortex-m4 -mthumb -mfloat-abi=hard -mfpu=fpv4-sp-d16 '-D__weak=__attribute__((weak))' '-D__packed="__attribute__((__packed__))"' -DUSE_HAL_DRIVER -DSTM32F446xx -I"/home/toby/Documents/softsys/UniversalSerialBros/UniversalSerialBros/UniversalSerialBros/Inc" -I"/home/toby/Documents/softsys/UniversalSerialBros/UniversalSerialBros/UniversalSerialBros/Drivers/STM32F4xx_HAL_Driver/Inc" -I"/home/toby/Documents/softsys/UniversalSerialBros/UniversalSerialBros/UniversalSerialBros/Drivers/STM32F4xx_HAL_Driver/Inc/Legacy" -I"/home/toby/Documents/softsys/UniversalSerialBros/UniversalSerialBros/UniversalSerialBros/Middlewares/ST/STM32_USB_Device_Library/Core/Inc" -I"/home/toby/Documents/softsys/UniversalSerialBros/UniversalSerialBros/UniversalSerialBros/Middlewares/ST/STM32_USB_Device_Library/Class/HID/Inc" -I"/home/toby/Documents/softsys/UniversalSerialBros/UniversalSerialBros/UniversalSerialBros/Drivers/CMSIS/Device/ST/STM32F4xx/Include" -I"/home/toby/Documents/softsys/UniversalSerialBros/UniversalSerialBros/UniversalSerialBros/Drivers/CMSIS/Include"  -Og -g3 -Wall -fmessage-length=0 -ffunction-sections -c -fmessage-length=0 -MMD -MP -MF"Drivers/STM32F4xx_HAL_Driver/Src/stm32f4xx_hal_flash_ex.d" -MT"Drivers/STM32F4xx_HAL_Driver/Src/stm32f4xx_hal_flash_ex.o" -o "Drivers/STM32F4xx_HAL_Driver/Src/stm32f4xx_hal_flash_ex.o" "../Drivers/STM32F4xx_HAL_Driver/Src/stm32f4xx_hal_flash_ex.c"
Finished building: ../Drivers/STM32F4xx_HAL_Driver/Src/stm32f4xx_hal_flash_ex.c
 
Building file: ../Drivers/STM32F4xx_HAL_Driver/Src/stm32f4xx_hal_flash_ramfunc.c
Invoking: MCU GCC Compiler
/home/toby/Documents/softsys/UniversalSerialBros/UniversalSerialBros/UniversalSerialBros/Debug
arm-none-eabi-gcc -mcpu=cortex-m4 -mthumb -mfloat-abi=hard -mfpu=fpv4-sp-d16 '-D__weak=__attribute__((weak))' '-D__packed="__attribute__((__packed__))"' -DUSE_HAL_DRIVER -DSTM32F446xx -I"/home/toby/Documents/softsys/UniversalSerialBros/UniversalSerialBros/UniversalSerialBros/Inc" -I"/home/toby/Documents/softsys/UniversalSerialBros/UniversalSerialBros/UniversalSerialBros/Drivers/STM32F4xx_HAL_Driver/Inc" -I"/home/toby/Documents/softsys/UniversalSerialBros/UniversalSerialBros/UniversalSerialBros/Drivers/STM32F4xx_HAL_Driver/Inc/Legacy" -I"/home/toby/Documents/softsys/UniversalSerialBros/UniversalSerialBros/UniversalSerialBros/Middlewares/ST/STM32_USB_Device_Library/Core/Inc" -I"/home/toby/Documents/softsys/UniversalSerialBros/UniversalSerialBros/UniversalSerialBros/Middlewares/ST/STM32_USB_Device_Library/Class/HID/Inc" -I"/home/toby/Documents/softsys/UniversalSerialBros/UniversalSerialBros/UniversalSerialBros/Drivers/CMSIS/Device/ST/STM32F4xx/Include" -I"/home/toby/Documents/softsys/UniversalSerialBros/UniversalSerialBros/UniversalSerialBros/Drivers/CMSIS/Include"  -Og -g3 -Wall -fmessage-length=0 -ffunction-sections -c -fmessage-length=0 -MMD -MP -MF"Drivers/STM32F4xx_HAL_Driver/Src/stm32f4xx_hal_flash_ramfunc.d" -MT"Drivers/STM32F4xx_HAL_Driver/Src/stm32f4xx_hal_flash_ramfunc.o" -o "Drivers/STM32F4xx_HAL_Driver/Src/stm32f4xx_hal_flash_ramfunc.o" "../Drivers/STM32F4xx_HAL_Driver/Src/stm32f4xx_hal_flash_ramfunc.c"
Finished building: ../Drivers/STM32F4xx_HAL_Driver/Src/stm32f4xx_hal_flash_ramfunc.c
 
Building file: ../Drivers/STM32F4xx_HAL_Driver/Src/stm32f4xx_hal_gpio.c
Invoking: MCU GCC Compiler
/home/toby/Documents/softsys/UniversalSerialBros/UniversalSerialBros/UniversalSerialBros/Debug
arm-none-eabi-gcc -mcpu=cortex-m4 -mthumb -mfloat-abi=hard -mfpu=fpv4-sp-d16 '-D__weak=__attribute__((weak))' '-D__packed="__attribute__((__packed__))"' -DUSE_HAL_DRIVER -DSTM32F446xx -I"/home/toby/Documents/softsys/UniversalSerialBros/UniversalSerialBros/UniversalSerialBros/Inc" -I"/home/toby/Documents/softsys/UniversalSerialBros/UniversalSerialBros/UniversalSerialBros/Drivers/STM32F4xx_HAL_Driver/Inc" -I"/home/toby/Documents/softsys/UniversalSerialBros/UniversalSerialBros/UniversalSerialBros/Drivers/STM32F4xx_HAL_Driver/Inc/Legacy" -I"/home/toby/Documents/softsys/UniversalSerialBros/UniversalSerialBros/UniversalSerialBros/Middlewares/ST/STM32_USB_Device_Library/Core/Inc" -I"/home/toby/Documents/softsys/UniversalSerialBros/UniversalSerialBros/UniversalSerialBros/Middlewares/ST/STM32_USB_Device_Library/Class/HID/Inc" -I"/home/toby/Documents/softsys/UniversalSerialBros/UniversalSerialBros/UniversalSerialBros/Drivers/CMSIS/Device/ST/STM32F4xx/Include" -I"/home/toby/Documents/softsys/UniversalSerialBros/UniversalSerialBros/UniversalSerialBros/Drivers/CMSIS/Include"  -Og -g3 -Wall -fmessage-length=0 -ffunction-sections -c -fmessage-length=0 -MMD -MP -MF"Drivers/STM32F4xx_HAL_Driver/Src/stm32f4xx_hal_gpio.d" -MT"Drivers/STM32F4xx_HAL_Driver/Src/stm32f4xx_hal_gpio.o" -o "Drivers/STM32F4xx_HAL_Driver/Src/stm32f4xx_hal_gpio.o" "../Drivers/STM32F4xx_HAL_Driver/Src/stm32f4xx_hal_gpio.c"
Finished building: ../Drivers/STM32F4xx_HAL_Driver/Src/stm32f4xx_hal_gpio.c
 
Building file: ../Drivers/STM32F4xx_HAL_Driver/Src/stm32f4xx_hal_pcd.c
Invoking: MCU GCC Compiler
/home/toby/Documents/softsys/UniversalSerialBros/UniversalSerialBros/UniversalSerialBros/Debug
[...]
Finished building: ../Drivers/STM32F4xx_HAL_Driver/Src/stm32f4xx_hal_flash_ex.c
 
Building file: ../Drivers/STM32F4xx_HAL_Driver/Src/stm32f4xx_hal_flash_ramfunc.c
Invoking: MCU GCC Compiler
/home/toby/Documents/softsys/UniversalSerialBros/UniversalSerialBros/UniversalSerialBros/Debug
arm-none-eabi-gcc -mcpu=cortex-m4 -mthumb -mfloat-abi=hard -mfpu=fpv4-sp-d16 '-D__weak=__attribute__((weak))' '-D__packed="__attribute__((__packed__))"' -DUSE_HAL_DRIVER -DSTM32F446xx -I"/home/toby/Documents/softsys/UniversalSerialBros/UniversalSerialBros/UniversalSerialBros/Inc" -I"/home/toby/Documents/softsys/UniversalSerialBros/UniversalSerialBros/UniversalSerialBros/Drivers/STM32F4xx_HAL_Driver/Inc" -I"/home/toby/Documents/softsys/UniversalSerialBros/UniversalSerialBros/UniversalSerialBros/Drivers/STM32F4xx_HAL_Driver/Inc/Legacy" -I"/home/toby/Documents/softsys/UniversalSerialBros/UniversalSerialBros/UniversalSerialBros/Middlewares/ST/STM32_USB_Device_Library/Core/Inc" -I"/home/toby/Documents/softsys/UniversalSerialBros/UniversalSerialBros/UniversalSerialBros/Middlewares/ST/STM32_USB_Device_Library/Class/HID/Inc" -I"/home/toby/Documents/softsys/UniversalSerialBros/UniversalSerialBros/UniversalSerialBros/Drivers/CMSIS/Device/ST/STM32F4xx/Include" -I"/home/toby/Documents/softsys/UniversalSerialBros/UniversalSerialBros/UniversalSerialBros/Drivers/CMSIS/Include"  -Og -g3 -Wall -fmessage-length=0 -ffunction-sections -c -fmessage-length=0 -MMD -MP -MF"Drivers/STM32F4xx_HAL_Driver/Src/stm32f4xx_hal_flash_ramfunc.d" -MT"Drivers/STM32F4xx_HAL_Driver/Src/stm32f4xx_hal_flash_ramfunc.o" -o "Drivers/STM32F4xx_HAL_Driver/Src/stm32f4xx_hal_flash_ramfunc.o" "../Drivers/STM32F4xx_HAL_Driver/Src/stm32f4xx_hal_flash_ramfunc.c"
Finished building: ../Drivers/STM32F4xx_HAL_Driver/Src/stm32f4xx_hal_flash_ramfunc.c
 
Building file: ../Drivers/STM32F4xx_HAL_Driver/Src/stm32f4xx_hal_gpio.c
Invoking: MCU GCC Compiler
/home/toby/Documents/softsys/UniversalSerialBros/UniversalSerialBros/UniversalSerialBros/Debug
arm-none-eabi-gcc -mcpu=cortex-m4 -mthumb -mfloat-abi=hard -mfpu=fpv4-sp-d16 '-D__weak=__attribute__((weak))' '-D__packed="__attribute__((__packed__))"' -DUSE_HAL_DRIVER -DSTM32F446xx -I"/home/toby/Documents/softsys/UniversalSerialBros/UniversalSerialBros/UniversalSerialBros/Inc" -I"/home/toby/Documents/softsys/UniversalSerialBros/UniversalSerialBros/UniversalSerialBros/Drivers/STM32F4xx_HAL_Driver/Inc" -I"/home/toby/Documents/softsys/UniversalSerialBros/UniversalSerialBros/UniversalSerialBros/Drivers/STM32F4xx_HAL_Driver/Inc/Legacy" -I"/home/toby/Documents/softsys/UniversalSerialBros/UniversalSerialBros/UniversalSerialBros/Middlewares/ST/STM32_USB_Device_Library/Core/Inc" -I"/home/toby/Documents/softsys/UniversalSerialBros/UniversalSerialBros/UniversalSerialBros/Middlewares/ST/STM32_USB_Device_Library/Class/HID/Inc" -I"/home/toby/Documents/softsys/UniversalSerialBros/UniversalSerialBros/UniversalSerialBros/Drivers/CMSIS/Device/ST/STM32F4xx/Include" -I"/home/toby/Documents/softsys/UniversalSerialBros/UniversalSerialBros/UniversalSerialBros/Drivers/CMSIS/Include"  -Og -g3 -Wall -fmessage-length=0 -ffunction-sections -c -fmessage-length=0 -MMD -MP -MF"Drivers/STM32F4xx_HAL_Driver/Src/stm32f4xx_hal_gpio.d" -MT"Drivers/STM32F4xx_HAL_Driver/Src/stm32f4xx_hal_gpio.o" -o "Drivers/STM32F4xx_HAL_Driver/Src/stm32f4xx_hal_gpio.o" "../Drivers/STM32F4xx_HAL_Driver/Src/stm32f4xx_hal_gpio.c"
Finished building: ../Drivers/STM32F4xx_HAL_Driver/Src/stm32f4xx_hal_gpio.c
 
Building file: ../Drivers/STM32F4xx_HAL_Driver/Src/stm32f4xx_hal_pcd.c
Invoking: MCU GCC Compiler
/home/toby/Documents/softsys/UniversalSerialBros/UniversalSerialBros/UniversalSerialBros/Debug
arm-none-eabi-gcc -mcpu=cortex-m4 -mthumb -mfloat-abi=hard -mfpu=fpv4-sp-d16 '-D__weak=__attribute__((weak))' '-D__packed="__attribute__((__packed__))"' -DUSE_HAL_DRIVER -DSTM32F446xx -I"/home/toby/Documents/softsys/UniversalSerialBros/UniversalSerialBros/UniversalSerialBros/Inc" -I"/home/toby/Documents/softsys/UniversalSerialBros/UniversalSerialBros/UniversalSerialBros/Drivers/STM32F4xx_HAL_Driver/Inc" -I"/home/toby/Documents/softsys/UniversalSerialBros/UniversalSerialBros/UniversalSerialBros/Drivers/STM32F4xx_HAL_Driver/Inc/Legacy" -I"/home/toby/Documents/softsys/UniversalSerialBros/UniversalSerialBros/UniversalSerialBros/Middlewares/ST/STM32_USB_Device_Library/Core/Inc" -I"/home/toby/Documents/softsys/UniversalSerialBros/UniversalSerialBros/UniversalSerialBros/Middlewares/ST/STM32_USB_Device_Library/Class/HID/Inc" -I"/home/toby/Documents/softsys/UniversalSerialBros/UniversalSerialBros/UniversalSerialBros/Drivers/CMSIS/Device/ST/STM32F4xx/Include" -I"/home/toby/Documents/softsys/UniversalSerialBros/UniversalSerialBros/UniversalSerialBros/Drivers/CMSIS/Include"  -Og -g3 -Wall -fmessage-length=0 -ffunction-sections -c -fmessage-length=0 -MMD -MP -MF"Drivers/STM32F4xx_HAL_Driver/Src/stm32f4xx_hal_pcd.d" -MT"Drivers/STM32F4xx_HAL_Driver/Src/stm32f4xx_hal_pcd.o" -o "Drivers/STM32F4xx_HAL_Driver/Src/stm32f4xx_hal_pcd.o" "../Drivers/STM32F4xx_HAL_Driver/Src/stm32f4xx_hal_pcd.c"
Finished building: ../Drivers/STM32F4xx_HAL_Driver/Src/stm32f4xx_hal_pcd.c
 
Building file: ../Drivers/STM32F4xx_HAL_Driver/Src/stm32f4xx_hal_pcd_ex.c
Invoking: MCU GCC Compiler
/home/toby/Documents/softsys/UniversalSerialBros/UniversalSerialBros/UniversalSerialBros/Debug
arm-none-eabi-gcc -mcpu=cortex-m4 -mthumb -mfloat-abi=hard -mfpu=fpv4-sp-d16 '-D__weak=__attribute__((weak))' '-D__packed="__attribute__((__packed__))"' -DUSE_HAL_DRIVER -DSTM32F446xx -I"/home/toby/Documents/softsys/UniversalSerialBros/UniversalSerialBros/UniversalSerialBros/Inc" -I"/home/toby/Documents/softsys/UniversalSerialBros/UniversalSerialBros/UniversalSerialBros/Drivers/STM32F4xx_HAL_Driver/Inc" -I"/home/toby/Documents/softsys/UniversalSerialBros/UniversalSerialBros/UniversalSerialBros/Drivers/STM32F4xx_HAL_Driver/Inc/Legacy" -I"/home/toby/Documents/softsys/UniversalSerialBros/UniversalSerialBros/UniversalSerialBros/Middlewares/ST/STM32_USB_Device_Library/Core/Inc" -I"/home/toby/Documents/softsys/UniversalSerialBros/UniversalSerialBros/UniversalSerialBros/Middlewares/ST/STM32_USB_Device_Library/Class/HID/Inc" -I"/home/toby/Documents/softsys/UniversalSerialBros/UniversalSerialBros/UniversalSerialBros/Drivers/CMSIS/Device/ST/STM32F4xx/Include" -I"/home/toby/Documents/softsys/UniversalSerialBros/UniversalSerialBros/UniversalSerialBros/Drivers/CMSIS/Include"  -Og -g3 -Wall -fmessage-length=0 -ffunction-sections -c -fmessage-length=0 -MMD -MP -MF"Drivers/STM32F4xx_HAL_Driver/Src/stm32f4xx_hal_pcd_ex.d" -MT"Drivers/STM32F4xx_HAL_Driver/Src/stm32f4xx_hal_pcd_ex.o" -o "Drivers/STM32F4xx_HAL_Driver/Src/stm32f4xx_hal_pcd_ex.o" "../Drivers/STM32F4xx_HAL_Driver/Src/stm32f4xx_hal_pcd_ex.c"
Finished building: ../Drivers/STM32F4xx_HAL_Driver/Src/stm32f4xx_hal_pcd_ex.c
 
Building file: ../Drivers/STM32F4xx_HAL_Driver/Src/stm32f4xx_hal_pwr.c
Invoking: MCU GCC Compiler
/home/toby/Documents/softsys/UniversalSerialBros/UniversalSerialBros/UniversalSerialBros/Debug
arm-none-eabi-gcc -mcpu=cortex-m4 -mthumb -mfloat-abi=hard -mfpu=fpv4-sp-d16 '-D__weak=__attribute__((weak))' '-D__packed="__attribute__((__packed__))"' -DUSE_HAL_DRIVER -DSTM32F446xx -I"/home/toby/Documents/softsys/UniversalSerialBros/UniversalSerialBros/UniversalSerialBros/Inc" -I"/home/toby/Documents/softsys/UniversalSerialBros/UniversalSerialBros/UniversalSerialBros/Drivers/STM32F4xx_HAL_Driver/Inc" -I"/home/toby/Documents/softsys/UniversalSerialBros/UniversalSerialBros/UniversalSerialBros/Drivers/STM32F4xx_HAL_Driver/Inc/Legacy" -I"/home/toby/Documents/softsys/UniversalSerialBros/UniversalSerialBros/UniversalSerialBros/Middlewares/ST/STM32_USB_Device_Library/Core/Inc" -I"/home/toby/Documents/softsys/UniversalSerialBros/UniversalSerialBros/UniversalSerialBros/Middlewares/ST/STM32_USB_Device_Library/Class/HID/Inc" -I"/home/toby/Documents/softsys/UniversalSerialBros/UniversalSerialBros/UniversalSerialBros/Drivers/CMSIS/Device/ST/STM32F4xx/Include" -I"/home/toby/Documents/softsys/UniversalSerialBros/UniversalSerialBros/UniversalSerialBros/Drivers/CMSIS/Include"  -Og -g3 -Wall -fmessage-length=0 -ffunction-sections -c -fmessage-length=0 -MMD -MP -MF"Drivers/STM32F4xx_HAL_Driver/Src/stm32f4xx_hal_pwr.d" -MT"Drivers/STM32F4xx_HAL_Driver/Src/stm32f4xx_hal_pwr.o" -o "Drivers/STM32F4xx_HAL_Driver/Src/stm32f4xx_hal_pwr.o" "../Drivers/STM32F4xx_HAL_Driver/Src/stm32f4xx_hal_pwr.c"
Finished building: ../Drivers/STM32F4xx_HAL_Driver/Src/stm32f4xx_hal_pwr.c
 
Building file: ../Drivers/STM32F4xx_HAL_Driver/Src/stm32f4xx_hal_pwr_ex.c
Invoking: MCU GCC Compiler
/home/toby/Documents/softsys/UniversalSerialBros/UniversalSerialBros/UniversalSerialBros/Debug
arm-none-eabi-gcc -mcpu=cortex-m4 -mthumb -mfloat-abi=hard -mfpu=fpv4-sp-d16 '-D__weak=__attribute__((weak))' '-D__packed="__attribute__((__packed__))"' -DUSE_HAL_DRIVER -DSTM32F446xx -I"/home/toby/Documents/softsys/UniversalSerialBros/UniversalSerialBros/UniversalSerialBros/Inc" -I"/home/toby/Documents/softsys/UniversalSerialBros/UniversalSerialBros/UniversalSerialBros/Drivers/STM32F4xx_HAL_Driver/Inc" -I"/home/toby/Documents/softsys/UniversalSerialBros/UniversalSerialBros/UniversalSerialBros/Drivers/STM32F4xx_HAL_Driver/Inc/Legacy" -I"/home/toby/Documents/softsys/UniversalSerialBros/UniversalSerialBros/UniversalSerialBros/Middlewares/ST/STM32_USB_Device_Library/Core/Inc" -I"/home/toby/Documents/softsys/UniversalSerialBros/UniversalSerialBros/UniversalSerialBros/Middlewares/ST/STM32_USB_Device_Library/Class/HID/Inc" -I"/home/toby/Documents/softsys/UniversalSerialBros/UniversalSerialBros/UniversalSerialBros/Drivers/CMSIS/Device/ST/STM32F4xx/Include" -I"/home/toby/Documents/softsys/UniversalSerialBros/UniversalSerialBros/UniversalSerialBros/Drivers/CMSIS/Include"  -Og -g3 -Wall -fmessage-length=0 -ffunction-sections -c -fmessage-length=0 -MMD -MP -MF"Drivers/STM32F4xx_HAL_Driver/Src/stm32f4xx_hal_pwr_ex.d" -MT"Drivers/STM32F4xx_HAL_Driver/Src/stm32f4xx_hal_pwr_ex.o" -o "Drivers/STM32F4xx_HAL_Driver/Src/stm32f4xx_hal_pwr_ex.o" "../Drivers/STM32F4xx_HAL_Driver/Src/stm32f4xx_hal_pwr_ex.c"
Finished building: ../Drivers/STM32F4xx_HAL_Driver/Src/stm32f4xx_hal_pwr_ex.c
 
Building file: ../Drivers/STM32F4xx_HAL_Driver/Src/stm32f4xx_hal_rcc.c
Invoking: MCU GCC Compiler
/home/toby/Documents/softsys/UniversalSerialBros/UniversalSerialBros/UniversalSerialBros/Debug
arm-none-eabi-gcc -mcpu=cortex-m4 -mthumb -mfloat-abi=hard -mfpu=fpv4-sp-d16 '-D__weak=__attribute__((weak))' '-D__packed="__attribute__((__packed__))"' -DUSE_HAL_DRIVER -DSTM32F446xx -I"/home/toby/Documents/softsys/UniversalSerialBros/UniversalSerialBros/UniversalSerialBros/Inc" -I"/home/toby/Documents/softsys/UniversalSerialBros/UniversalSerialBros/UniversalSerialBros/Drivers/STM32F4xx_HAL_Driver/Inc" -I"/home/toby/Documents/softsys/UniversalSerialBros/UniversalSerialBros/UniversalSerialBros/Drivers/STM32F4xx_HAL_Driver/Inc/Legacy" -I"/home/toby/Documents/softsys/UniversalSerialBros/UniversalSerialBros/UniversalSerialBros/Middlewares/ST/STM32_USB_Device_Library/Core/Inc" -I"/home/toby/Documents/softsys/UniversalSerialBros/UniversalSerialBros/UniversalSerialBros/Middlewares/ST/STM32_USB_Device_Library/Class/HID/Inc" -I"/home/toby/Documents/softsys/UniversalSerialBros/UniversalSerialBros/UniversalSerialBros/Drivers/CMSIS/Device/ST/STM32F4xx/Include" -I"/home/toby/Documents/softsys/UniversalSerialBros/UniversalSerialBros/UniversalSerialBros/Drivers/CMSIS/Include"  -Og -g3 -Wall -fmessage-length=0 -ffunction-sections -c -fmessage-length=0 -MMD -MP -MF"Drivers/STM32F4xx_HAL_Driver/Src/stm32f4xx_hal_rcc.d" -MT"Drivers/STM32F4xx_HAL_Driver/Src/stm32f4xx_hal_rcc.o" -o "Drivers/STM32F4xx_HAL_Driver/Src/stm32f4xx_hal_rcc.o" "../Drivers/STM32F4xx_HAL_Driver/Src/stm32f4xx_hal_rcc.c"
Finished building: ../Drivers/STM32F4xx_HAL_Driver/Src/stm32f4xx_hal_rcc.c
 
Building file: ../Drivers/STM32F4xx_HAL_Driver/Src/stm32f4xx_hal_rcc_ex.c
Invoking: MCU GCC Compiler
/home/toby/Documents/softsys/UniversalSerialBros/UniversalSerialBros/UniversalSerialBros/Debug
arm-none-eabi-gcc -mcpu=cortex-m4 -mthumb -mfloat-abi=hard -mfpu=fpv4-sp-d16 '-D__weak=__attribute__((weak))' '-D__packed="__attribute__((__packed__))"' -DUSE_HAL_DRIVER -DSTM32F446xx -I"/home/toby/Documents/softsys/UniversalSerialBros/UniversalSerialBros/UniversalSerialBros/Inc" -I"/home/toby/Documents/softsys/UniversalSerialBros/UniversalSerialBros/UniversalSerialBros/Drivers/STM32F4xx_HAL_Driver/Inc" -I"/home/toby/Documents/softsys/UniversalSerialBros/UniversalSerialBros/UniversalSerialBros/Drivers/STM32F4xx_HAL_Driver/Inc/Legacy" -I"/home/toby/Documents/softsys/UniversalSerialBros/UniversalSerialBros/UniversalSerialBros/Middlewares/ST/STM32_USB_Device_Library/Core/Inc" -I"/home/toby/Documents/softsys/UniversalSerialBros/UniversalSerialBros/UniversalSerialBros/Middlewares/ST/STM32_USB_Device_Library/Class/HID/Inc" -I"/home/toby/Documents/softsys/UniversalSerialBros/UniversalSerialBros/UniversalSerialBros/Drivers/CMSIS/Device/ST/STM32F4xx/Include" -I"/home/toby/Documents/softsys/UniversalSerialBros/UniversalSerialBros/UniversalSerialBros/Drivers/CMSIS/Include"  -Og -g3 -Wall -fmessage-length=0 -ffunction-sections -c -fmessage-length=0 -MMD -MP -MF"Drivers/STM32F4xx_HAL_Driver/Src/stm32f4xx_hal_rcc_ex.d" -MT"Drivers/STM32F4xx_HAL_Driver/Src/stm32f4xx_hal_rcc_ex.o" -o "Drivers/STM32F4xx_HAL_Driver/Src/stm32f4xx_hal_rcc_ex.o" "../Drivers/STM32F4xx_HAL_Driver/Src/stm32f4xx_hal_rcc_ex.c"
Finished building: ../Drivers/STM32F4xx_HAL_Driver/Src/stm32f4xx_hal_rcc_ex.c
 
Building file: ../Drivers/STM32F4xx_HAL_Driver/Src/stm32f4xx_hal_tim.c
Invoking: MCU GCC Compiler
/home/toby/Documents/softsys/UniversalSerialBros/UniversalSerialBros/UniversalSerialBros/Debug
arm-none-eabi-gcc -mcpu=cortex-m4 -mthumb -mfloat-abi=hard -mfpu=fpv4-sp-d16 '-D__weak=__attribute__((weak))' '-D__packed="__attribute__((__packed__))"' -DUSE_HAL_DRIVER -DSTM32F446xx -I"/home/toby/Documents/softsys/UniversalSerialBros/UniversalSerialBros/UniversalSerialBros/Inc" -I"/home/toby/Documents/softsys/UniversalSerialBros/UniversalSerialBros/UniversalSerialBros/Drivers/STM32F4xx_HAL_Driver/Inc" -I"/home/toby/Documents/softsys/UniversalSerialBros/UniversalSerialBros/UniversalSerialBros/Drivers/STM32F4xx_HAL_Driver/Inc/Legacy" -I"/home/toby/Documents/softsys/UniversalSerialBros/UniversalSerialBros/UniversalSerialBros/Middlewares/ST/STM32_USB_Device_Library/Core/Inc" -I"/home/toby/Documents/softsys/UniversalSerialBros/UniversalSerialBros/UniversalSerialBros/Middlewares/ST/STM32_USB_Device_Library/Class/HID/Inc" -I"/home/toby/Documents/softsys/UniversalSerialBros/UniversalSerialBros/UniversalSerialBros/Drivers/CMSIS/Device/ST/STM32F4xx/Include" -I"/home/toby/Documents/softsys/UniversalSerialBros/UniversalSerialBros/UniversalSerialBros/Drivers/CMSIS/Include"  -Og -g3 -Wall -fmessage-length=0 -ffunction-sections -c -fmessage-length=0 -MMD -MP -MF"Drivers/STM32F4xx_HAL_Driver/Src/stm32f4xx_hal_tim.d" -MT"Drivers/STM32F4xx_HAL_Driver/Src/stm32f4xx_hal_tim.o" -o "Drivers/STM32F4xx_HAL_Driver/Src/stm32f4xx_hal_tim.o" "../Drivers/STM32F4xx_HAL_Driver/Src/stm32f4xx_hal_tim.c"
Finished building: ../Drivers/STM32F4xx_HAL_Driver/Src/stm32f4xx_hal_tim.c
 
Building file: ../Drivers/STM32F4xx_HAL_Driver/Src/stm32f4xx_hal_tim_ex.c
Invoking: MCU GCC Compiler
/home/toby/Documents/softsys/UniversalSerialBros/UniversalSerialBros/UniversalSerialBros/Debug
arm-none-eabi-gcc -mcpu=cortex-m4 -mthumb -mfloat-abi=hard -mfpu=fpv4-sp-d16 '-D__weak=__attribute__((weak))' '-D__packed="__attribute__((__packed__))"' -DUSE_HAL_DRIVER -DSTM32F446xx -I"/home/toby/Documents/softsys/UniversalSerialBros/UniversalSerialBros/UniversalSerialBros/Inc" -I"/home/toby/Documents/softsys/UniversalSerialBros/UniversalSerialBros/UniversalSerialBros/Drivers/STM32F4xx_HAL_Driver/Inc" -I"/home/toby/Documents/softsys/UniversalSerialBros/UniversalSerialBros/UniversalSerialBros/Drivers/STM32F4xx_HAL_Driver/Inc/Legacy" -I"/home/toby/Documents/softsys/UniversalSerialBros/UniversalSerialBros/UniversalSerialBros/Middlewares/ST/STM32_USB_Device_Library/Core/Inc" -I"/home/toby/Documents/softsys/UniversalSerialBros/UniversalSerialBros/UniversalSerialBros/Middlewares/ST/STM32_USB_Device_Library/Class/HID/Inc" -I"/home/toby/Documents/softsys/UniversalSerialBros/UniversalSerialBros/UniversalSerialBros/Drivers/CMSIS/Device/ST/STM32F4xx/Include" -I"/home/toby/Documents/softsys/UniversalSerialBros/UniversalSerialBros/UniversalSerialBros/Drivers/CMSIS/Include"  -Og -g3 -Wall -fmessage-length=0 -ffunction-sections -c -fmessage-length=0 -MMD -MP -MF"Drivers/STM32F4xx_HAL_Driver/Src/stm32f4xx_hal_tim_ex.d" -MT"Drivers/STM32F4xx_HAL_Driver/Src/stm32f4xx_hal_tim_ex.o" -o "Drivers/STM32F4xx_HAL_Driver/Src/stm32f4xx_hal_tim_ex.o" "../Drivers/STM32F4xx_HAL_Driver/Src/stm32f4xx_hal_tim_ex.c"
Finished building: ../Drivers/STM32F4xx_HAL_Driver/Src/stm32f4xx_hal_tim_ex.c
 
Building file: ../Drivers/STM32F4xx_HAL_Driver/Src/stm32f4xx_ll_usb.c
Invoking: MCU GCC Compiler
/home/toby/Documents/softsys/UniversalSerialBros/UniversalSerialBros/UniversalSerialBros/Debug
arm-none-eabi-gcc -mcpu=cortex-m4 -mthumb -mfloat-abi=hard -mfpu=fpv4-sp-d16 '-D__weak=__attribute__((weak))' '-D__packed="__attribute__((__packed__))"' -DUSE_HAL_DRIVER -DSTM32F446xx -I"/home/toby/Documents/softsys/UniversalSerialBros/UniversalSerialBros/UniversalSerialBros/Inc" -I"/home/toby/Documents/softsys/UniversalSerialBros/UniversalSerialBros/UniversalSerialBros/Drivers/STM32F4xx_HAL_Driver/Inc" -I"/home/toby/Documents/softsys/UniversalSerialBros/UniversalSerialBros/UniversalSerialBros/Drivers/STM32F4xx_HAL_Driver/Inc/Legacy" -I"/home/toby/Documents/softsys/UniversalSerialBros/UniversalSerialBros/UniversalSerialBros/Middlewares/ST/STM32_USB_Device_Library/Core/Inc" -I"/home/toby/Documents/softsys/UniversalSerialBros/UniversalSerialBros/UniversalSerialBros/Middlewares/ST/STM32_USB_Device_Library/Class/HID/Inc" -I"/home/toby/Documents/softsys/UniversalSerialBros/UniversalSerialBros/UniversalSerialBros/Drivers/CMSIS/Device/ST/STM32F4xx/Include" -I"/home/toby/Documents/softsys/UniversalSerialBros/UniversalSerialBros/UniversalSerialBros/Drivers/CMSIS/Include"  -Og -g3 -Wall -fmessage-length=0 -ffunction-sections -c -fmessage-length=0 -MMD -MP -MF"Drivers/STM32F4xx_HAL_Driver/Src/stm32f4xx_ll_usb.d" -MT"Drivers/STM32F4xx_HAL_Driver/Src/stm32f4xx_ll_usb.o" -o "Drivers/STM32F4xx_HAL_Driver/Src/stm32f4xx_ll_usb.o" "../Drivers/STM32F4xx_HAL_Driver/Src/stm32f4xx_ll_usb.c"
Finished building: ../Drivers/STM32F4xx_HAL_Driver/Src/stm32f4xx_ll_usb.c
 
Building target: UniversalSerialBros.elf
Invoking: MCU GCC Linker
arm-none-eabi-gcc -mcpu=cortex-m4 -mthumb -mfloat-abi=hard -mfpu=fpv4-sp-d16 -specs=nosys.specs -specs=nano.specs -T"../STM32F446ZEHx_FLASH.ld" -Wl,-Map=output.map -Wl,--gc-sections -o "UniversalSerialBros.elf" @"objects.list"   -lm
Finished building target: UniversalSerialBros.elf
 
make --no-print-directory post-build
Generating binary and Printing size information:
arm-none-eabi-objcopy -O binary "UniversalSerialBros.elf" "UniversalSerialBros.bin"
arm-none-eabi-size "UniversalSerialBros.elf"
   text	   data	    bss	    dec	    hex	filename
  15148	    380	   3668	  19196	   4afc	UniversalSerialBros.elf
 
